Archive member included to satisfy reference by file (symbol)

/opt/st/stm32cubeide_1.15.0/plugins/com.st.stm32cube.ide.mcu.externaltools.gnu-tools-for-stm32.12.3.rel1.linux64_1.0.100.202403111256/tools/bin/../lib/gcc/arm-none-eabi/12.3.1/../../../../arm-none-eabi/lib/thumb/v7e-m+dp/hard/libc_nano.a(libc_a-exit.o)
                              /opt/st/stm32cubeide_1.15.0/plugins/com.st.stm32cube.ide.mcu.externaltools.gnu-tools-for-stm32.12.3.rel1.linux64_1.0.100.202403111256/tools/bin/../lib/gcc/arm-none-eabi/12.3.1/../../../../arm-none-eabi/lib/thumb/v7e-m+dp/hard/crt0.o (exit)
/opt/st/stm32cubeide_1.15.0/plugins/com.st.stm32cube.ide.mcu.externaltools.gnu-tools-for-stm32.12.3.rel1.linux64_1.0.100.202403111256/tools/bin/../lib/gcc/arm-none-eabi/12.3.1/../../../../arm-none-eabi/lib/thumb/v7e-m+dp/hard/libc_nano.a(libc_a-findfp.o)
                              /opt/st/stm32cubeide_1.15.0/plugins/com.st.stm32cube.ide.mcu.externaltools.gnu-tools-for-stm32.12.3.rel1.linux64_1.0.100.202403111256/tools/bin/../lib/gcc/arm-none-eabi/12.3.1/../../../../arm-none-eabi/lib/thumb/v7e-m+dp/hard/libc_nano.a(libc_a-exit.o) (__stdio_exit_handler)
/opt/st/stm32cubeide_1.15.0/plugins/com.st.stm32cube.ide.mcu.externaltools.gnu-tools-for-stm32.12.3.rel1.linux64_1.0.100.202403111256/tools/bin/../lib/gcc/arm-none-eabi/12.3.1/../../../../arm-none-eabi/lib/thumb/v7e-m+dp/hard/libc_nano.a(libc_a-fwalk.o)
                              /opt/st/stm32cubeide_1.15.0/plugins/com.st.stm32cube.ide.mcu.externaltools.gnu-tools-for-stm32.12.3.rel1.linux64_1.0.100.202403111256/tools/bin/../lib/gcc/arm-none-eabi/12.3.1/../../../../arm-none-eabi/lib/thumb/v7e-m+dp/hard/libc_nano.a(libc_a-findfp.o) (_fwalk_sglue)
/opt/st/stm32cubeide_1.15.0/plugins/com.st.stm32cube.ide.mcu.externaltools.gnu-tools-for-stm32.12.3.rel1.linux64_1.0.100.202403111256/tools/bin/../lib/gcc/arm-none-eabi/12.3.1/../../../../arm-none-eabi/lib/thumb/v7e-m+dp/hard/libc_nano.a(libc_a-stdio.o)
                              /opt/st/stm32cubeide_1.15.0/plugins/com.st.stm32cube.ide.mcu.externaltools.gnu-tools-for-stm32.12.3.rel1.linux64_1.0.100.202403111256/tools/bin/../lib/gcc/arm-none-eabi/12.3.1/../../../../arm-none-eabi/lib/thumb/v7e-m+dp/hard/libc_nano.a(libc_a-findfp.o) (__sread)
/opt/st/stm32cubeide_1.15.0/plugins/com.st.stm32cube.ide.mcu.externaltools.gnu-tools-for-stm32.12.3.rel1.linux64_1.0.100.202403111256/tools/bin/../lib/gcc/arm-none-eabi/12.3.1/../../../../arm-none-eabi/lib/thumb/v7e-m+dp/hard/libc_nano.a(libc_a-memset.o)
                              /opt/st/stm32cubeide_1.15.0/plugins/com.st.stm32cube.ide.mcu.externaltools.gnu-tools-for-stm32.12.3.rel1.linux64_1.0.100.202403111256/tools/bin/../lib/gcc/arm-none-eabi/12.3.1/../../../../arm-none-eabi/lib/thumb/v7e-m+dp/hard/crt0.o (memset)
/opt/st/stm32cubeide_1.15.0/plugins/com.st.stm32cube.ide.mcu.externaltools.gnu-tools-for-stm32.12.3.rel1.linux64_1.0.100.202403111256/tools/bin/../lib/gcc/arm-none-eabi/12.3.1/../../../../arm-none-eabi/lib/thumb/v7e-m+dp/hard/libc_nano.a(libc_a-closer.o)
                              /opt/st/stm32cubeide_1.15.0/plugins/com.st.stm32cube.ide.mcu.externaltools.gnu-tools-for-stm32.12.3.rel1.linux64_1.0.100.202403111256/tools/bin/../lib/gcc/arm-none-eabi/12.3.1/../../../../arm-none-eabi/lib/thumb/v7e-m+dp/hard/libc_nano.a(libc_a-stdio.o) (_close_r)
/opt/st/stm32cubeide_1.15.0/plugins/com.st.stm32cube.ide.mcu.externaltools.gnu-tools-for-stm32.12.3.rel1.linux64_1.0.100.202403111256/tools/bin/../lib/gcc/arm-none-eabi/12.3.1/../../../../arm-none-eabi/lib/thumb/v7e-m+dp/hard/libc_nano.a(libc_a-reent.o)
                              /opt/st/stm32cubeide_1.15.0/plugins/com.st.stm32cube.ide.mcu.externaltools.gnu-tools-for-stm32.12.3.rel1.linux64_1.0.100.202403111256/tools/bin/../lib/gcc/arm-none-eabi/12.3.1/../../../../arm-none-eabi/lib/thumb/v7e-m+dp/hard/libc_nano.a(libc_a-closer.o) (errno)
/opt/st/stm32cubeide_1.15.0/plugins/com.st.stm32cube.ide.mcu.externaltools.gnu-tools-for-stm32.12.3.rel1.linux64_1.0.100.202403111256/tools/bin/../lib/gcc/arm-none-eabi/12.3.1/../../../../arm-none-eabi/lib/thumb/v7e-m+dp/hard/libc_nano.a(libc_a-impure.o)
                              /opt/st/stm32cubeide_1.15.0/plugins/com.st.stm32cube.ide.mcu.externaltools.gnu-tools-for-stm32.12.3.rel1.linux64_1.0.100.202403111256/tools/bin/../lib/gcc/arm-none-eabi/12.3.1/../../../../arm-none-eabi/lib/thumb/v7e-m+dp/hard/libc_nano.a(libc_a-reent.o) (_impure_ptr)
/opt/st/stm32cubeide_1.15.0/plugins/com.st.stm32cube.ide.mcu.externaltools.gnu-tools-for-stm32.12.3.rel1.linux64_1.0.100.202403111256/tools/bin/../lib/gcc/arm-none-eabi/12.3.1/../../../../arm-none-eabi/lib/thumb/v7e-m+dp/hard/libc_nano.a(libc_a-lseekr.o)
                              /opt/st/stm32cubeide_1.15.0/plugins/com.st.stm32cube.ide.mcu.externaltools.gnu-tools-for-stm32.12.3.rel1.linux64_1.0.100.202403111256/tools/bin/../lib/gcc/arm-none-eabi/12.3.1/../../../../arm-none-eabi/lib/thumb/v7e-m+dp/hard/libc_nano.a(libc_a-stdio.o) (_lseek_r)
[...]
Memory Configuration

Name             Origin             Length             Attributes
RAM              0x24000000         0x00071c00         xrw
RAM_NONCACHEABLEBUFFER 0x24071c00         0x00000400         xrw
ITCM             0x00000000         0x00010000         xrw
DTCM             0x20000000         0x00010000         rw
SRAMAHB          0x30000000         0x00008000         rw
BKPSRAM          0x38800000         0x00001000         rw
FLASH            0x08000000         0x00010000         xrw
*default*        0x00000000         0xffffffff

Linker script and memory map

LOAD /opt/st/stm32cubeide_1.15.0/plugins/com.st.stm32cube.ide.mcu.externaltools.gnu-tools-for-stm32.12.3.rel1.linux64_1.0.100.202403111256/tools/bin/../lib/gcc/arm-none-eabi/12.3.1/thumb/v7e-m+dp/hard/crti.o
LOAD /opt/st/stm32cubeide_1.15.0/plugins/com.st.stm32cube.ide.mcu.externaltools.gnu-tools-for-stm32.12.3.rel1.linux64_1.0.100.202403111256/tools/bin/../lib/gcc/arm-none-eabi/12.3.1/thumb/v7e-m+dp/hard/crtbegin.o
LOAD /opt/st/stm32cubeide_1.15.0/plugins/com.st.stm32cube.ide.mcu.externaltools.gnu-tools-for-stm32.12.3.rel1.linux64_1.0.100.202403111256/tools/bin/../lib/gcc/arm-none-eabi/12.3.1/../../../../arm-none-eabi/lib/thumb/v7e-m+dp/hard/crt0.o
LOAD ./Core/Src/main.o
LOAD ./Core/Src/stm32h7rsxx_hal_msp.o
LOAD ./Core/Src/stm32h7rsxx_it.o
LOAD ./Core/Src/syscalls.o
LOAD ./Core/Src/sysmem.o
LOAD ./Core/Src/system_stm32h7rsxx.o
LOAD ./Core/Startup/startup_stm32h7s3l8hx.o
LOAD ./Drivers/STM32H7RSxx_HAL_Driver/stm32h7rsxx_hal.o
LOAD ./Drivers/STM32H7RSxx_HAL_Driver/stm32h7rsxx_hal_cortex.o
LOAD ./Drivers/STM32H7RSxx_HAL_Driver/stm32h7rsxx_hal_dma.o
LOAD ./Drivers/STM32H7RSxx_HAL_Driver/stm32h7rsxx_hal_dma_ex.o
LOAD ./Drivers/STM32H7RSxx_HAL_Driver/stm32h7rsxx_hal_exti.o
LOAD ./Drivers/STM32H7RSxx_HAL_Driver/stm32h7rsxx_hal_flash.o
LOAD ./Drivers/STM32H7RSxx_HAL_Driver/stm32h7rsxx_hal_flash_ex.o
LOAD ./Drivers/STM32H7RSxx_HAL_Driver/stm32h7rsxx_hal_gpio.o
LOAD ./Drivers/STM32H7RSxx_HAL_Driver/stm32h7rsxx_hal_pcd.o
LOAD ./Drivers/STM32H7RSxx_HAL_Driver/stm32h7rsxx_hal_pcd_ex.o
LOAD ./Drivers/STM32H7RSxx_HAL_Driver/stm32h7rsxx_hal_pwr.o
LOAD ./Drivers/STM32H7RSxx_HAL_Driver/stm32h7rsxx_hal_pwr_ex.o
LOAD ./Drivers/STM32H7RSxx_HAL_Driver/stm32h7rsxx_hal_rcc.o
LOAD ./Drivers/STM32H7RSxx_HAL_Driver/stm32h7rsxx_hal_rcc_ex.o
LOAD ./Drivers/STM32H7RSxx_HAL_Driver/stm32h7rsxx_hal_tim.o
LOAD ./Drivers/STM32H7RSxx_HAL_Driver/stm32h7rsxx_hal_tim_ex.o
LOAD ./Drivers/STM32H7RSxx_HAL_Driver/stm32h7rsxx_ll_usb.o
LOAD ./Middlewares/ST/STM32_USB_Device_Library/usbd_cdc.o
LOAD ./Middlewares/ST/STM32_USB_Device_Library/usbd_core.o
LOAD ./Middlewares/ST/STM32_USB_Device_Library/usbd_ctlreq.o
LOAD ./Middlewares/ST/STM32_USB_Device_Library/usbd_ioreq.o
LOAD ./USB_DEVICE/App/usb_device.o
LOAD ./USB_DEVICE/App/usbd_cdc_if.o
LOAD ./USB_DEVICE/App/usbd_desc.o
LOAD ./USB_DEVICE/Target/usbd_conf.o
START GROUP
LOAD /opt/st/stm32cubeide_1.15.0/plugins/com.st.stm32cube.ide.mcu.externaltools.gnu-tools-for-stm32.12.3.rel1.linux64_1.0.100.202403111256/tools/bin/../lib/gcc/arm-none-eabi/12.3.1/../../../../arm-none-eabi/lib/thumb/v7e-m+dp/hard/libstdc++_nano.a
LOAD /opt/st/stm32cubeide_1.15.0/plugins/com.st.stm32cube.ide.mcu.externaltools.gnu-tools-for-stm32.12.3.rel1.linux64_1.0.100.202403111256/tools/bin/../lib/gcc/arm-none-eabi/12.3.1/../../../../arm-none-eabi/lib/thumb/v7e-m+dp/hard/libsupc++_nano.a
END GROUP
LOAD /opt/st/stm32cubeide_1.15.0/plugins/com.st.stm32cube.ide.mcu.externaltools.gnu-tools-for-stm32.12.3.rel1.linux64_1.0.100.202403111256/tools/bin/../lib/gcc/arm-none-eabi/12.3.1/../../../../arm-none-eabi/lib/thumb/v7e-m+dp/hard/libstdc++_nano.a
LOAD /opt/st/stm32cubeide_1.15.0/plugins/com.st.stm32cube.ide.mcu.externaltools.gnu-tools-for-stm32.12.3.rel1.linux64_1.0.100.202403111256/tools/bin/../lib/gcc/arm-none-eabi/12.3.1/../../../../arm-none-eabi/lib/thumb/v7e-m+dp/hard/libm.a
LOAD /opt/st/stm32cubeide_1.15.0/plugins/com.st.stm32cube.ide.mcu.externaltools.gnu-tools-for-stm32.12.3.rel1.linux64_1.0.100.202403111256/tools/bin/../lib/gcc/arm-none-eabi/12.3.1/../../../../arm-none-eabi/lib/thumb/v7e-m+dp/hard/libc_nano.a
START GROUP
LOAD /opt/st/stm32cubeide_1.15.0/plugins/com.st.stm32cube.ide.mcu.externaltools.gnu-tools-for-stm32.12.3.rel1.linux64_1.0.100.202403111256/tools/bin/../lib/gcc/arm-none-eabi/12.3.1/thumb/v7e-m+dp/hard/libgcc.a
LOAD /opt/st/stm32cubeide_1.15.0/plugins/com.st.stm32cube.ide.mcu.externaltools.gnu-tools-for-stm32.12.3.rel1.linux64_1.0.100.202403111256/tools/bin/../lib/gcc/arm-none-eabi/12.3.1/../../../../arm-none-eabi/lib/thumb/v7e-m+dp/hard/libc_nano.a
END GROUP
START GROUP
LOAD /opt/st/stm32cubeide_1.15.0/plugins/com.st.stm32cube.ide.mcu.externaltools.gnu-tools-for-stm32.12.3.rel1.linux64_1.0.100.202403111256/tools/bin/../lib/gcc/arm-none-eabi/12.3.1/thumb/v7e-m+dp/hard/libgcc.a
LOAD /opt/st/stm32cubeide_1.15.0/plugins/com.st.stm32cube.ide.mcu.externaltools.gnu-tools-for-stm32.12.3.rel1.linux64_1.0.100.202403111256/tools/bin/../lib/gcc/arm-none-eabi/12.3.1/../../../../arm-none-eabi/lib/thumb/v7e-m+dp/hard/libc_nano.a
LOAD /opt/st/stm32cubeide_1.15.0/plugins/com.st.stm32cube.ide.mcu.externaltools.gnu-tools-for-stm32.12.3.rel1.linux64_1.0.100.202403111256/tools/bin/../lib/gcc/arm-none-eabi/12.3.1/../../../../arm-none-eabi/lib/thumb/v7e-m+dp/hard/libnosys.a
END GROUP
START GROUP
LOAD /opt/st/stm32cubeide_1.15.0/plugins/com.st.stm32cube.ide.mcu.externaltools.gnu-tools-for-stm32.12.3.rel1.linux64_1.0.100.202403111256/tools/bin/../lib/gcc/arm-none-eabi/12.3.1/thumb/v7e-m+dp/hard/libgcc.a
LOAD /opt/st/stm32cubeide_1.15.0/plugins/com.st.stm32cube.ide.mcu.externaltools.gnu-tools-for-stm32.12.3.rel1.linux64_1.0.100.202403111256/tools/bin/../lib/gcc/arm-none-eabi/12.3.1/../../../../arm-none-eabi/lib/thumb/v7e-m+dp/hard/libc_nano.a
LOAD /opt/st/stm32cubeide_1.15.0/plugins/com.st.stm32cube.ide.mcu.externaltools.gnu-tools-for-stm32.12.3.rel1.linux64_1.0.100.202403111256/tools/bin/../lib/gcc/arm-none-eabi/12.3.1/../../../../arm-none-eabi/lib/thumb/v7e-m+dp/hard/libnosys.a
END GROUP
LOAD /opt/st/stm32cubeide_1.15.0/plugins/com.st.stm32cube.ide.mcu.externaltools.gnu-tools-for-stm32.12.3.rel1.linux64_1.0.100.202403111256/tools/bin/../lib/gcc/arm-none-eabi/12.3.1/thumb/v7e-m+dp/hard/crtend.o
LOAD /opt/st/stm32cubeide_1.15.0/plugins/com.st.stm32cube.ide.mcu.externaltools.gnu-tools-for-stm32.12.3.rel1.linux64_1.0.100.202403111256/tools/bin/../lib/gcc/arm-none-eabi/12.3.1/thumb/v7e-m+dp/hard/crtn.o
                0x20010000                        _estack = (ORIGIN (DTCM) + LENGTH (DTCM))
                0x00000200                        _Min_Heap_Size = 0x200
                0x00000400                        _Min_Stack_Size = 0x400
                0x08000000                        __FLASH_BEGIN = 0x8000000
                0x00010000                        __FLASH_SIZE = 0x10000
                0x24000000                        __RAM_BEGIN = 0x24000000
                0x00071c00                        __RAM_SIZE = 0x71c00
                0x00000400                        __RAM_NONCACHEABLEBUFFER_SIZE = 0x400

.isr_vector     0x08000000      0x2b0
                0x08000000                        . = ALIGN (0x4)
 *(.isr_vector)
 .isr_vector    0x08000000      0x2b0 ./Core/Startup/startup_stm32h7s3l8hx.o
                0x08000000                g_pfnVectors
                0x080002b0                        . = ALIGN (0x4)

.text           0x080002b0     0x6ed4
                0x080002b0                        . = ALIGN (0x4)
 *(.text)
 .text          0x080002b0       0x40 /opt/st/stm32cubeide_1.15.0/plugins/com.st.stm32cube.ide.mcu.externaltools.gnu-tools-for-stm32.12.3.rel1.linux64_1.0.100.202403111256/tools/bin/../lib/gcc/arm-none-eabi/12.3.1/thumb/v7e-m+dp/hard/crtbegin.o
 *(.text*)
 .text.main     0x080002f0       0x1a ./Core/Src/main.o
                0x080002f0                main
 .text.Error_Handler
                0x0800030a        0xc ./Core/Src/main.o
                0x0800030a                Error_Handler
 .text.HAL_MspInit
                0x08000316        0xe ./Core/Src/stm32h7rsxx_hal_msp.o
                0x08000316                HAL_MspInit
 .text.NMI_Handler
                0x08000324        0x8 ./Core/Src/stm32h7rsxx_it.o
                0x08000324                NMI_Handler
 .text.HardFault_Handler
                0x0800032c        0x8 ./Core/Src/stm32h7rsxx_it.o
                0x0800032c                HardFault_Handler
 .text.MemManage_Handler
                0x08000334        0x8 ./Core/Src/stm32h7rsxx_it.o
                0x08000334                MemManage_Handler
 .text.BusFault_Handler
                0x0800033c        0x8 ./Core/Src/stm32h7rsxx_it.o
                0x0800033c                BusFault_Handler
 .text.UsageFault_Handler
                0x08000344        0x8 ./Core/Src/stm32h7rsxx_it.o
                0x08000344                UsageFault_Handler
 .text.SVC_Handler
                0x0800034c        0xe ./Core/Src/stm32h7rsxx_it.o
                0x0800034c                SVC_Handler
 .text.DebugMon_Handler
                0x0800035a        0xe ./Core/Src/stm32h7rsxx_it.o
                0x0800035a                DebugMon_Handler
 .text.PendSV_Handler
                0x08000368        0xe ./Core/Src/stm32h7rsxx_it.o
                0x08000368                PendSV_Handler
 .text.SysTick_Handler
                0x08000376        0xc ./Core/Src/stm32h7rsxx_it.o
                0x08000376                SysTick_Handler
 *fill*         0x08000382        0x2 
 .text.OTG_HS_IRQHandler
                0x08000384       0x14 ./Core/Src/stm32h7rsxx_it.o
                0x08000384                OTG_HS_IRQHandler
 .text.SystemInit
                0x08000398       0x2c ./Core/Src/system_stm32h7rsxx.o
                0x08000398                SystemInit
 .text.SystemCoreClockUpdate
                0x080003c4      0x270 ./Core/Src/system_stm32h7rsxx.o
                0x080003c4                SystemCoreClockUpdate
 .text.Reset_Handler
                0x08000634       0x50 ./Core/Startup/startup_stm32h7s3l8hx.o
                0x08000634                Reset_Handler
 .text.Default_Handler
                0x08000684        0x2 ./Core/Startup/startup_stm32h7s3l8hx.o
                0x08000684                HPDMA1_Channel13_IRQHandler
                0x08000684                EXTI2_IRQHandler
                0x08000684                MCE2_IRQHandler
                0x08000684                SAI1_A_IRQHandler
                0x08000684                EXTI5_IRQHandler
                0x08000684                I3C1_ER_IRQHandler
                0x08000684                UART8_IRQHandler
                0x08000684                SPI4_IRQHandler
                0x08000684                EXTI13_IRQHandler
                0x08000684                TIM1_CC_IRQHandler
                0x08000684                XSPI1_IRQHandler
                0x08000684                JPEG_IRQHandler
                0x08000684                TAMP_IRQHandler
                0x08000684                TIM6_IRQHandler
                0x08000684                EXTI12_IRQHandler
                0x08000684                CORDIC_IRQHandler
                0x08000684                GFXTIM_IRQHandler
                0x08000684                EXTI3_IRQHandler
                0x08000684                LPTIM4_IRQHandler
                0x08000684                GPDMA1_Channel5_IRQHandler
                0x08000684                EXTI8_IRQHandler
                0x08000684                LPTIM2_IRQHandler
                0x08000684                GFXMMU_IRQHandler
                0x08000684                I2C3_ER_IRQHandler
                0x08000684                LPTIM3_IRQHandler
                0x08000684                SAI2_A_IRQHandler
                0x08000684                EXTI0_IRQHandler
                0x08000684                HPDMA1_Channel9_IRQHandler
                0x08000684                I2C2_EV_IRQHandler
                0x08000684                FPU_IRQHandler
                0x08000684                GPDMA1_Channel3_IRQHandler
                0x08000684                GPDMA1_Channel7_IRQHandler
                0x08000684                FDCAN1_IT1_IRQHandler
                0x08000684                HPDMA1_Channel3_IRQHandler
                0x08000684                ADC1_2_IRQHandler
                0x08000684                GPDMA1_Channel9_IRQHandler
                0x08000684                SPI1_IRQHandler
                0x08000684                SAI1_B_IRQHandler
                0x08000684                GPDMA1_Channel2_IRQHandler
                0x08000684                I3C1_WKUP_IRQHandler
                0x08000684                PKA_IRQHandler
                0x08000684                HPDMA1_Channel2_IRQHandler
                0x08000684                EXTI15_IRQHandler
                0x08000684                TIM17_IRQHandler
                0x08000684                USART3_IRQHandler
                0x08000684                HPDMA1_Channel6_IRQHandler
                0x08000684                CRYP_IRQHandler
                0x08000684                RTC_IRQHandler
                0x08000684                XSPI2_IRQHandler
                0x08000684                EXTI9_IRQHandler
                0x08000684                HPDMA1_Channel0_IRQHandler
                0x08000684                LPTIM5_IRQHandler
                0x08000684                HPDMA1_Channel1_IRQHandler
                0x08000684                UART5_IRQHandler
                0x08000684                TIM4_IRQHandler
                0x08000684                I2C1_EV_IRQHandler
                0x08000684                GPDMA1_Channel12_IRQHandler
                0x08000684                HPDMA1_Channel7_IRQHandler
                0x08000684                GPDMA1_Channel1_IRQHandler
                0x08000684                TIM16_IRQHandler
                0x08000684                GPDMA1_Channel15_IRQHandler
                0x08000684                UART4_IRQHandler
                0x08000684                TIM3_IRQHandler
                0x08000684                RCC_IRQHandler
                0x08000684                TIM1_TRG_COM_IRQHandler
                0x08000684                SAI2_B_IRQHandler
                0x08000684                Default_Handler
                0x08000684                GPDMA1_Channel8_IRQHandler
                0x08000684                HPDMA1_Channel8_IRQHandler
                0x08000684                CEC_IRQHandler
                0x08000684                TIM14_IRQHandler
                0x08000684                TIM13_IRQHandler
                0x08000684                GPDMA1_Channel11_IRQHandler
                0x08000684                SPI5_IRQHandler
                0x08000684                TIM12_IRQHandler
                0x08000684                TIM7_IRQHandler
                0x08000684                HPDMA1_Channel10_IRQHandler
                0x08000684                SDMMC1_IRQHandler
                0x08000684                SAES_IRQHandler
                0x08000684                TIM5_IRQHandler
                0x08000684                UCPD1_IRQHandler
                0x08000684                GPDMA1_Channel0_IRQHandler
                0x08000684                I3C1_EV_IRQHandler
                0x08000684                HPDMA1_Channel5_IRQHandler
                0x08000684                TIM15_IRQHandler
                0x08000684                I2C3_EV_IRQHandler
                0x08000684                HPDMA1_Channel4_IRQHandler
                0x08000684                HPDMA1_Channel15_IRQHandler
                0x08000684                TIM9_IRQHandler
                0x08000684                SPDIF_RX_IRQHandler
                0x08000684                PVD_PVM_IRQHandler
                0x08000684                SPI2_IRQHandler
                0x08000684                HPDMA1_Channel11_IRQHandler
                0x08000684                EXTI14_IRQHandler
                0x08000684                EXTI11_IRQHandler
                0x08000684                CRS_IRQHandler
                0x08000684                GPDMA1_Channel14_IRQHandler
                0x08000684                EXTI4_IRQHandler
                0x08000684                GPDMA1_Channel13_IRQHandler
                0x08000684                RNG_IRQHandler
                0x08000684                FDCAN2_IT1_IRQHandler
                0x08000684                ETH_IRQHandler
                0x08000684                TIM1_UP_IRQHandler
                0x08000684                WWDG_IRQHandler
                0x08000684                SPI6_IRQHandler
                0x08000684                MDIOS_IRQHandler
                0x08000684                FDCAN2_IT0_IRQHandler
                0x08000684                IWDG_IRQHandler
                0x08000684                HPDMA1_Channel14_IRQHandler
                0x08000684                LPUART1_IRQHandler
                0x08000684                FDCAN1_IT0_IRQHandler
                0x08000684                TIM2_IRQHandler
                0x08000684                PSSI_IRQHandler
                0x08000684                MCE3_IRQHandler
                0x08000684                GPDMA1_Channel4_IRQHandler
                0x08000684                EXTI7_IRQHandler
                0x08000684                DMA2D_IRQHandler
                0x08000684                TIM1_BRK_IRQHandler
                0x08000684                EXTI1_IRQHandler
                0x08000684                SDMMC2_IRQHandler
                0x08000684                UART7_IRQHandler
                0x08000684                DTS_IRQHandler
                0x08000684                USART2_IRQHandler
                0x08000684                GPDMA1_Channel6_IRQHandler
                0x08000684                ADF1_FLT0_IRQHandler
                0x08000684                RAMECC_IRQHandler
                0x08000684                I2C2_ER_IRQHandler
                0x08000684                MCE1_IRQHandler
                0x08000684                HPDMA1_Channel12_IRQHandler
                0x08000684                FLASH_IRQHandler
                0x08000684                USART1_IRQHandler
                0x08000684                EXTI10_IRQHandler
                0x08000684                OTG_FS_IRQHandler
                0x08000684                SPI3_IRQHandler
                0x08000684                WAKEUP_PIN_IRQHandler
                0x08000684                DCMIPP_IRQHandler
                0x08000684                I2C1_ER_IRQHandler
                0x08000684                FMC_IRQHandler
                0x08000684                EXTI6_IRQHandler
                0x08000684                LPTIM1_IRQHandler
                0x08000684                GPDMA1_Channel10_IRQHandler
                0x08000684                HASH_IRQHandler
 .text.HAL_Init
                0x08000686       0x30 ./Drivers/STM32H7RSxx_HAL_Driver/stm32h7rsxx_hal.o
                0x08000686                HAL_Init
 *fill*         0x080006b6        0x2 
 .text.HAL_InitTick
                0x080006b8       0x78 ./Drivers/STM32H7RSxx_HAL_Driver/stm32h7rsxx_hal.o
                0x080006b8                HAL_InitTick
 .text.HAL_IncTick
                0x08000730       0x28 ./Drivers/STM32H7RSxx_HAL_Driver/stm32h7rsxx_hal.o
                0x08000730                HAL_IncTick
 .text.HAL_GetTick
                0x08000758       0x18 ./Drivers/STM32H7RSxx_HAL_Driver/stm32h7rsxx_hal.o
                0x08000758                HAL_GetTick
 .text.HAL_Delay
                0x08000770       0x48 ./Drivers/STM32H7RSxx_HAL_Driver/stm32h7rsxx_hal.o
                0x08000770                HAL_Delay
 .text.HAL_SuspendTick
                0x080007b8       0x20 ./Drivers/STM32H7RSxx_HAL_Driver/stm32h7rsxx_hal.o
                0x080007b8                HAL_SuspendTick
 .text.HAL_ResumeTick
                0x080007d8       0x20 ./Drivers/STM32H7RSxx_HAL_Driver/stm32h7rsxx_hal.o
                0x080007d8                HAL_ResumeTick
 .text.__NVIC_SetPriorityGrouping
                0x080007f8       0x48 ./Drivers/STM32H7RSxx_HAL_Driver/stm32h7rsxx_hal_cortex.o
 .text.__NVIC_GetPriorityGrouping
                0x08000840       0x1c ./Drivers/STM32H7RSxx_HAL_Driver/stm32h7rsxx_hal_cortex.o
 .text.__NVIC_EnableIRQ
                0x0800085c       0x3c ./Drivers/STM32H7RSxx_HAL_Driver/stm32h7rsxx_hal_cortex.o
 .text.__NVIC_SetPriority
                0x08000898       0x54 ./Drivers/STM32H7RSxx_HAL_Driver/stm32h7rsxx_hal_cortex.o
 .text.NVIC_EncodePriority
                0x080008ec       0x66 ./Drivers/STM32H7RSxx_HAL_Driver/stm32h7rsxx_hal_cortex.o
 *fill*         0x08000952        0x2 
 .text.SysTick_Config
                0x08000954       0x44 ./Drivers/STM32H7RSxx_HAL_Driver/stm32h7rsxx_hal_cortex.o
 .text.HAL_NVIC_SetPriorityGrouping
                0x08000998       0x16 ./Drivers/STM32H7RSxx_HAL_Driver/stm32h7rsxx_hal_cortex.o
                0x08000998                HAL_NVIC_SetPriorityGrouping
 .text.HAL_NVIC_SetPriority
                0x080009ae       0x34 ./Drivers/STM32H7RSxx_HAL_Driver/stm32h7rsxx_hal_cortex.o
                0x080009ae                HAL_NVIC_SetPriority
 .text.HAL_NVIC_EnableIRQ
                0x080009e2       0x1c ./Drivers/STM32H7RSxx_HAL_Driver/stm32h7rsxx_hal_cortex.o
                0x080009e2                HAL_NVIC_EnableIRQ
 .text.HAL_SYSTICK_Config
                0x080009fe       0x18 ./Drivers/STM32H7RSxx_HAL_Driver/stm32h7rsxx_hal_cortex.o
                0x080009fe                HAL_SYSTICK_Config
 *fill*         0x08000a16        0x2 
 .text.HAL_PCD_Init
                0x08000a18      0x230 ./Drivers/STM32H7RSxx_HAL_Driver/stm32h7rsxx_hal_pcd.o
                0x08000a18                HAL_PCD_Init
 .text.HAL_PCD_Start
                0x08000c48       0x6a ./Drivers/STM32H7RSxx_HAL_Driver/stm32h7rsxx_hal_pcd.o
                0x08000c48                HAL_PCD_Start
 .text.HAL_PCD_IRQHandler
                0x08000cb2      0x99c ./Drivers/STM32H7RSxx_HAL_Driver/stm32h7rsxx_hal_pcd.o
                0x08000cb2                HAL_PCD_IRQHandler
 .text.HAL_PCD_SetAddress
                0x0800164e       0x48 ./Drivers/STM32H7RSxx_HAL_Driver/stm32h7rsxx_hal_pcd.o
                0x0800164e                HAL_PCD_SetAddress
 .text.HAL_PCD_EP_Open
                0x08001696       0xd0 ./Drivers/STM32H7RSxx_HAL_Driver/stm32h7rsxx_hal_pcd.o
                0x08001696                HAL_PCD_EP_Open
 .text.HAL_PCD_EP_Close
                0x08001766       0x94 ./Drivers/STM32H7RSxx_HAL_Driver/stm32h7rsxx_hal_pcd.o
                0x08001766                HAL_PCD_EP_Close
 .text.HAL_PCD_EP_Receive
                0x080017fa       0x76 ./Drivers/STM32H7RSxx_HAL_Driver/stm32h7rsxx_hal_pcd.o
                0x080017fa                HAL_PCD_EP_Receive
 .text.HAL_PCD_EP_GetRxCount
                0x08001870       0x30 ./Drivers/STM32H7RSxx_HAL_Driver/stm32h7rsxx_hal_pcd.o
                0x08001870                HAL_PCD_EP_GetRxCount
 .text.HAL_PCD_EP_Transmit
                0x080018a0       0x74 ./Drivers/STM32H7RSxx_HAL_Driver/stm32h7rsxx_hal_pcd.o
                0x080018a0                HAL_PCD_EP_Transmit
 .text.HAL_PCD_EP_SetStall
                0x08001914       0xc6 ./Drivers/STM32H7RSxx_HAL_Driver/stm32h7rsxx_hal_pcd.o
                0x08001914                HAL_PCD_EP_SetStall
 .text.HAL_PCD_EP_ClrStall
                0x080019da       0xac ./Drivers/STM32H7RSxx_HAL_Driver/stm32h7rsxx_hal_pcd.o
                0x080019da                HAL_PCD_EP_ClrStall
 .text.HAL_PCD_EP_Abort
                0x08001a86       0x62 ./Drivers/STM32H7RSxx_HAL_Driver/stm32h7rsxx_hal_pcd.o
                0x08001a86                HAL_PCD_EP_Abort
 .text.PCD_WriteEmptyTxFifo
                0x08001ae8      0x118 ./Drivers/STM32H7RSxx_HAL_Driver/stm32h7rsxx_hal_pcd.o
 .text.PCD_EP_OutXfrComplete_int
                0x08001c00      0x1d0 ./Drivers/STM32H7RSxx_HAL_Driver/stm32h7rsxx_hal_pcd.o
 .text.PCD_EP_OutSetupPacket_int
                0x08001dd0       0x8c ./Drivers/STM32H7RSxx_HAL_Driver/stm32h7rsxx_hal_pcd.o
 .text.HAL_PCDEx_SetTxFiFo
                0x08001e5c       0x8e ./Drivers/STM32H7RSxx_HAL_Driver/stm32h7rsxx_hal_pcd_ex.o
                0x08001e5c                HAL_PCDEx_SetTxFiFo
 .text.HAL_PCDEx_SetRxFiFo
                0x08001eea       0x22 ./Drivers/STM32H7RSxx_HAL_Driver/stm32h7rsxx_hal_pcd_ex.o
                0x08001eea                HAL_PCDEx_SetRxFiFo
 .text.HAL_PCDEx_ActivateLPM
                0x08001f0c       0x48 ./Drivers/STM32H7RSxx_HAL_Driver/stm32h7rsxx_hal_pcd_ex.o
                0x08001f0c                HAL_PCDEx_ActivateLPM
 .text.HAL_PCDEx_LPM_Callback
                0x08001f54       0x18 ./Drivers/STM32H7RSxx_HAL_Driver/stm32h7rsxx_hal_pcd_ex.o
                0x08001f54                HAL_PCDEx_LPM_Callback
 .text.HAL_PWREx_EnableUSBVoltageDetector
                0x08001f6c       0x48 ./Drivers/STM32H7RSxx_HAL_Driver/stm32h7rsxx_hal_pwr_ex.o
                0x08001f6c                HAL_PWREx_EnableUSBVoltageDetector
 .text.HAL_RCC_GetSysClockFreq
                0x08001fb4      0x2cc ./Drivers/STM32H7RSxx_HAL_Driver/stm32h7rsxx_hal_rcc.o
                0x08001fb4                HAL_RCC_GetSysClockFreq
 .text.HAL_RCC_GetHCLKFreq
                0x08002280       0x50 ./Drivers/STM32H7RSxx_HAL_Driver/stm32h7rsxx_hal_rcc.o
                0x08002280                HAL_RCC_GetHCLKFreq
 .text.HAL_RCCEx_PeriphCLKConfig
                0x080022d0      0xe08 ./Drivers/STM32H7RSxx_HAL_Driver/stm32h7rsxx_hal_rcc_ex.o
                0x080022d0                HAL_RCCEx_PeriphCLKConfig
 .text.USB_CoreInit
                0x080030d8       0xa4 ./Drivers/STM32H7RSxx_HAL_Driver/stm32h7rsxx_ll_usb.o
                0x080030d8                USB_CoreInit
 .text.USB_SetTurnaroundTime
                0x0800317c      0x144 ./Drivers/STM32H7RSxx_HAL_Driver/stm32h7rsxx_ll_usb.o
                0x0800317c                USB_SetTurnaroundTime
 .text.USB_EnableGlobalInt
                0x080032c0       0x22 ./Drivers/STM32H7RSxx_HAL_Driver/stm32h7rsxx_ll_usb.o
                0x080032c0                USB_EnableGlobalInt
 .text.USB_DisableGlobalInt
                0x080032e2       0x22 ./Drivers/STM32H7RSxx_HAL_Driver/stm32h7rsxx_ll_usb.o
                0x080032e2                USB_DisableGlobalInt
 .text.USB_SetCurrentMode
                0x08003304       0x98 ./Drivers/STM32H7RSxx_HAL_Driver/stm32h7rsxx_ll_usb.o
                0x08003304                USB_SetCurrentMode
 .text.USB_DevInit
                0x0800339c      0x33c ./Drivers/STM32H7RSxx_HAL_Driver/stm32h7rsxx_ll_usb.o
                0x0800339c                USB_DevInit
 .text.USB_FlushTxFifo
                0x080036d8       0x64 ./Drivers/STM32H7RSxx_HAL_Driver/stm32h7rsxx_ll_usb.o
                0x080036d8                USB_FlushTxFifo
 .text.USB_FlushRxFifo
                0x0800373c       0x5c ./Drivers/STM32H7RSxx_HAL_Driver/stm32h7rsxx_ll_usb.o
                0x0800373c                USB_FlushRxFifo
 .text.USB_SetDevSpeed
                0x08003798       0x32 ./Drivers/STM32H7RSxx_HAL_Driver/stm32h7rsxx_ll_usb.o
                0x08003798                USB_SetDevSpeed
 .text.USB_GetDevSpeed
                0x080037ca       0x4a ./Drivers/STM32H7RSxx_HAL_Driver/stm32h7rsxx_ll_usb.o
                0x080037ca                USB_GetDevSpeed
 .text.USB_ActivateEndpoint
                0x08003814      0x110 ./Drivers/STM32H7RSxx_HAL_Driver/stm32h7rsxx_ll_usb.o
                0x08003814                USB_ActivateEndpoint
 .text.USB_DeactivateEndpoint
                0x08003924      0x1b8 ./Drivers/STM32H7RSxx_HAL_Driver/stm32h7rsxx_ll_usb.o
                0x08003924                USB_DeactivateEndpoint
 .text.USB_EPStartXfer
                0x08003adc      0x540 ./Drivers/STM32H7RSxx_HAL_Driver/stm32h7rsxx_ll_usb.o
                0x08003adc                USB_EPStartXfer
 .text.USB_EPStopXfer
                0x0800401c      0x154 ./Drivers/STM32H7RSxx_HAL_Driver/stm32h7rsxx_ll_usb.o
                0x0800401c                USB_EPStopXfer
 .text.USB_WritePacket
                0x08004170       0x7c ./Drivers/STM32H7RSxx_HAL_Driver/stm32h7rsxx_ll_usb.o
                0x08004170                USB_WritePacket
 .text.USB_ReadPacket
                0x080041ec       0xb0 ./Drivers/STM32H7RSxx_HAL_Driver/stm32h7rsxx_ll_usb.o
                0x080041ec                USB_ReadPacket
 .text.USB_EPSetStall
                0x0800429c       0xdc ./Drivers/STM32H7RSxx_HAL_Driver/stm32h7rsxx_ll_usb.o
                0x0800429c                USB_EPSetStall
 .text.USB_EPClearStall
                0x08004378       0xcc ./Drivers/STM32H7RSxx_HAL_Driver/stm32h7rsxx_ll_usb.o
                0x08004378                USB_EPClearStall
 .text.USB_SetDevAddress
                0x08004444       0x4c ./Drivers/STM32H7RSxx_HAL_Driver/stm32h7rsxx_ll_usb.o
                0x08004444                USB_SetDevAddress
 .text.USB_DevConnect
                0x08004490       0x42 ./Drivers/STM32H7RSxx_HAL_Driver/stm32h7rsxx_ll_usb.o
                0x08004490                USB_DevConnect
 .text.USB_DevDisconnect
                0x080044d2       0x42 ./Drivers/STM32H7RSxx_HAL_Driver/stm32h7rsxx_ll_usb.o
                0x080044d2                USB_DevDisconnect
 .text.USB_ReadInterrupts
                0x08004514       0x26 ./Drivers/STM32H7RSxx_HAL_Driver/stm32h7rsxx_ll_usb.o
                0x08004514                USB_ReadInterrupts
 .text.USB_ReadDevAllOutEpInterrupt
                0x0800453a       0x34 ./Drivers/STM32H7RSxx_HAL_Driver/stm32h7rsxx_ll_usb.o
                0x0800453a                USB_ReadDevAllOutEpInterrupt
 .text.USB_ReadDevAllInEpInterrupt
                0x0800456e       0x34 ./Drivers/STM32H7RSxx_HAL_Driver/stm32h7rsxx_ll_usb.o
                0x0800456e                USB_ReadDevAllInEpInterrupt
 .text.USB_ReadDevOutEPInterrupt
                0x080045a2       0x3c ./Drivers/STM32H7RSxx_HAL_Driver/stm32h7rsxx_ll_usb.o
                0x080045a2                USB_ReadDevOutEPInterrupt
 .text.USB_ReadDevInEPInterrupt
                0x080045de       0x5c ./Drivers/STM32H7RSxx_HAL_Driver/stm32h7rsxx_ll_usb.o
                0x080045de                USB_ReadDevInEPInterrupt
 .text.USB_GetMode
                0x0800463a       0x1c ./Drivers/STM32H7RSxx_HAL_Driver/stm32h7rsxx_ll_usb.o
                0x0800463a                USB_GetMode
 *fill*         0x08004656        0x2 
 .text.USB_ActivateSetup
                0x08004658       0x48 ./Drivers/STM32H7RSxx_HAL_Driver/stm32h7rsxx_ll_usb.o
                0x08004658                USB_ActivateSetup
 .text.USB_EP0_OutStart
                0x080046a0       0xbc ./Drivers/STM32H7RSxx_HAL_Driver/stm32h7rsxx_ll_usb.o
                0x080046a0                USB_EP0_OutStart
 .text.USB_CoreReset
                0x0800475c       0x62 ./Drivers/STM32H7RSxx_HAL_Driver/stm32h7rsxx_ll_usb.o
 *fill*         0x080047be        0x2 
 .text.USBD_CDC_Init
                0x080047c0      0x1f0 ./Middlewares/ST/STM32_USB_Device_Library/usbd_cdc.o
 .text.USBD_CDC_DeInit
                0x080049b0      0x104 ./Middlewares/ST/STM32_USB_Device_Library/usbd_cdc.o
 .text.USBD_CDC_Setup
                0x08004ab4      0x1b8 ./Middlewares/ST/STM32_USB_Device_Library/usbd_cdc.o
 .text.USBD_CDC_DataIn
                0x08004c6c       0xfe ./Middlewares/ST/STM32_USB_Device_Library/usbd_cdc.o
 .text.USBD_CDC_DataOut
                0x08004d6a       0x70 ./Middlewares/ST/STM32_USB_Device_Library/usbd_cdc.o
 .text.USBD_CDC_EP0_RxReady
                0x08004dda       0x74 ./Middlewares/ST/STM32_USB_Device_Library/usbd_cdc.o
 *fill*         0x08004e4e        0x2 
 .text.USBD_CDC_GetFSCfgDesc
                0x08004e50       0x70 ./Middlewares/ST/STM32_USB_Device_Library/usbd_cdc.o
 .text.USBD_CDC_GetHSCfgDesc
                0x08004ec0       0x70 ./Middlewares/ST/STM32_USB_Device_Library/usbd_cdc.o
 .text.USBD_CDC_GetOtherSpeedCfgDesc
                0x08004f30       0x70 ./Middlewares/ST/STM32_USB_Device_Library/usbd_cdc.o
 .text.USBD_CDC_GetDeviceQualifierDescriptor
                0x08004fa0       0x20 ./Middlewares/ST/STM32_USB_Device_Library/usbd_cdc.o
                0x08004fa0                USBD_CDC_GetDeviceQualifierDescriptor
 .text.USBD_CDC_RegisterInterface
                0x08004fc0       0x34 ./Middlewares/ST/STM32_USB_Device_Library/usbd_cdc.o
                0x08004fc0                USBD_CDC_RegisterInterface
 .text.USBD_CDC_SetTxBuffer
                0x08004ff4       0x44 ./Middlewares/ST/STM32_USB_Device_Library/usbd_cdc.o
                0x08004ff4                USBD_CDC_SetTxBuffer
 .text.USBD_CDC_SetRxBuffer
                0x08005038       0x3a ./Middlewares/ST/STM32_USB_Device_Library/usbd_cdc.o
                0x08005038                USBD_CDC_SetRxBuffer
 *fill*         0x08005072        0x2 
 .text.USBD_CDC_ReceivePacket
                0x08005074       0x6c ./Middlewares/ST/STM32_USB_Device_Library/usbd_cdc.o
                0x08005074                USBD_CDC_ReceivePacket
 .text.USBD_Init
                0x080050e0       0x60 ./Middlewares/ST/STM32_USB_Device_Library/usbd_core.o
                0x080050e0                USBD_Init
 .text.USBD_RegisterClass
                0x08005140       0x6c ./Middlewares/ST/STM32_USB_Device_Library/usbd_core.o
                0x08005140                USBD_RegisterClass
 .text.USBD_Start
                0x080051ac       0x18 ./Middlewares/ST/STM32_USB_Device_Library/usbd_core.o
                0x080051ac                USBD_Start
 .text.USBD_RunTestMode
                0x080051c4       0x16 ./Middlewares/ST/STM32_USB_Device_Library/usbd_core.o
                0x080051c4                USBD_RunTestMode
 .text.USBD_SetClassConfig
                0x080051da       0x38 ./Middlewares/ST/STM32_USB_Device_Library/usbd_core.o
                0x080051da                USBD_SetClassConfig
 .text.USBD_ClrClassConfig
                0x08005212       0x34 ./Middlewares/ST/STM32_USB_Device_Library/usbd_core.o
                0x08005212                USBD_ClrClassConfig
 .text.USBD_LL_SetupStage
                0x08005246       0xaa ./Middlewares/ST/STM32_USB_Device_Library/usbd_core.o
                0x08005246                USBD_LL_SetupStage
 .text.USBD_LL_DataOutStage
                0x080052f0      0x166 ./Middlewares/ST/STM32_USB_Device_Library/usbd_core.o
                0x080052f0                USBD_LL_DataOutStage
 .text.USBD_LL_DataInStage
                0x08005456      0x164 ./Middlewares/ST/STM32_USB_Device_Library/usbd_core.o
                0x08005456                USBD_LL_DataInStage
 .text.USBD_LL_Reset
                0x080055ba       0xa4 ./Middlewares/ST/STM32_USB_Device_Library/usbd_core.o
                0x080055ba                USBD_LL_Reset
 .text.USBD_LL_SetSpeed
                0x0800565e       0x20 ./Middlewares/ST/STM32_USB_Device_Library/usbd_core.o
                0x0800565e                USBD_LL_SetSpeed
 .text.USBD_LL_Suspend
                0x0800567e       0x38 ./Middlewares/ST/STM32_USB_Device_Library/usbd_core.o
                0x0800567e                USBD_LL_Suspend
 .text.USBD_LL_Resume
                0x080056b6       0x30 ./Middlewares/ST/STM32_USB_Device_Library/usbd_core.o
                0x080056b6                USBD_LL_Resume
 .text.USBD_LL_SOF
                0x080056e6       0x40 ./Middlewares/ST/STM32_USB_Device_Library/usbd_core.o
                0x080056e6                USBD_LL_SOF
 .text.USBD_LL_IsoINIncomplete
                0x08005726       0x64 ./Middlewares/ST/STM32_USB_Device_Library/usbd_core.o
                0x08005726                USBD_LL_IsoINIncomplete
 .text.USBD_LL_IsoOUTIncomplete
                0x0800578a       0x64 ./Middlewares/ST/STM32_USB_Device_Library/usbd_core.o
                0x0800578a                USBD_LL_IsoOUTIncomplete
 .text.USBD_LL_DevConnected
                0x080057ee       0x16 ./Middlewares/ST/STM32_USB_Device_Library/usbd_core.o
                0x080057ee                USBD_LL_DevConnected
 .text.USBD_LL_DevDisconnected
                0x08005804       0x46 ./Middlewares/ST/STM32_USB_Device_Library/usbd_core.o
                0x08005804                USBD_LL_DevDisconnected
 .text.USBD_CoreFindIF
                0x0800584a       0x1a ./Middlewares/ST/STM32_USB_Device_Library/usbd_core.o
                0x0800584a                USBD_CoreFindIF
 .text.USBD_CoreFindEP
                0x08005864       0x1a ./Middlewares/ST/STM32_USB_Device_Library/usbd_core.o
                0x08005864                USBD_CoreFindEP
 .text.USBD_GetEpDesc
                0x0800587e       0x70 ./Middlewares/ST/STM32_USB_Device_Library/usbd_core.o
                0x0800587e                USBD_GetEpDesc
 .text.USBD_GetNextDesc
                0x080058ee       0x38 ./Middlewares/ST/STM32_USB_Device_Library/usbd_core.o
                0x080058ee                USBD_GetNextDesc
 .text.SWAPBYTE
                0x08005926       0x3c ./Middlewares/ST/STM32_USB_Device_Library/usbd_ctlreq.o
 *fill*         0x08005962        0x2 
 .text.USBD_StdDevReq
                0x08005964       0xe4 ./Middlewares/ST/STM32_USB_Device_Library/usbd_ctlreq.o
                0x08005964                USBD_StdDevReq
 .text.USBD_StdItfReq
                0x08005a48       0xd8 ./Middlewares/ST/STM32_USB_Device_Library/usbd_ctlreq.o
                0x08005a48                USBD_StdItfReq
 .text.USBD_StdEPReq
                0x08005b20      0x33a ./Middlewares/ST/STM32_USB_Device_Library/usbd_ctlreq.o
                0x08005b20                USBD_StdEPReq
 *fill*         0x08005e5a        0x2 
 .text.USBD_GetDescriptor
                0x08005e5c      0x328 ./Middlewares/ST/STM32_USB_Device_Library/usbd_ctlreq.o
 .text.USBD_SetAddress
                0x08006184       0x88 ./Middlewares/ST/STM32_USB_Device_Library/usbd_ctlreq.o
 .text.USBD_SetConfig
                0x0800620c      0x154 ./Middlewares/ST/STM32_USB_Device_Library/usbd_ctlreq.o
 .text.USBD_GetConfig
                0x08006360       0x6c ./Middlewares/ST/STM32_USB_Device_Library/usbd_ctlreq.o
 .text.USBD_GetStatus
                0x080063cc       0x68 ./Middlewares/ST/STM32_USB_Device_Library/usbd_ctlreq.o
 .text.USBD_SetFeature
                0x08006434       0x52 ./Middlewares/ST/STM32_USB_Device_Library/usbd_ctlreq.o
 .text.USBD_ClrFeature
                0x08006486       0x44 ./Middlewares/ST/STM32_USB_Device_Library/usbd_ctlreq.o
 .text.USBD_ParseSetupRequest
                0x080064ca       0x74 ./Middlewares/ST/STM32_USB_Device_Library/usbd_ctlreq.o
                0x080064ca                USBD_ParseSetupRequest
 .text.USBD_CtlError
                0x0800653e       0x22 ./Middlewares/ST/STM32_USB_Device_Library/usbd_ctlreq.o
                0x0800653e                USBD_CtlError
 .text.USBD_GetString
                0x08006560       0xa4 ./Middlewares/ST/STM32_USB_Device_Library/usbd_ctlreq.o
                0x08006560                USBD_GetString
 .text.USBD_GetLen
                0x08006604       0x34 ./Middlewares/ST/STM32_USB_Device_Library/usbd_ctlreq.o
 .text.USBD_CtlSendData
                0x08006638       0x36 ./Middlewares/ST/STM32_USB_Device_Library/usbd_ioreq.o
                0x08006638                USBD_CtlSendData
 .text.USBD_CtlContinueSendData
                0x0800666e       0x22 ./Middlewares/ST/STM32_USB_Device_Library/usbd_ioreq.o
                0x0800666e                USBD_CtlContinueSendData
 .text.USBD_CtlPrepareRx
                0x08006690       0x3a ./Middlewares/ST/STM32_USB_Device_Library/usbd_ioreq.o
                0x08006690                USBD_CtlPrepareRx
 .text.USBD_CtlContinueRx
                0x080066ca       0x22 ./Middlewares/ST/STM32_USB_Device_Library/usbd_ioreq.o
                0x080066ca                USBD_CtlContinueRx
 .text.USBD_CtlSendStatus
                0x080066ec       0x26 ./Middlewares/ST/STM32_USB_Device_Library/usbd_ioreq.o
                0x080066ec                USBD_CtlSendStatus
 .text.USBD_CtlReceiveStatus
                0x08006712       0x26 ./Middlewares/ST/STM32_USB_Device_Library/usbd_ioreq.o
                0x08006712                USBD_CtlReceiveStatus
 .text.MX_USB_DEVICE_Init
                0x08006738       0x60 ./USB_DEVICE/App/usb_device.o
                0x08006738                MX_USB_DEVICE_Init
 .text.CDC_Init_HS
                0x08006798       0x28 ./USB_DEVICE/App/usbd_cdc_if.o
 .text.CDC_DeInit_HS
                0x080067c0       0x10 ./USB_DEVICE/App/usbd_cdc_if.o
 .text.CDC_Control_HS
                0x080067d0       0xbc ./USB_DEVICE/App/usbd_cdc_if.o
 .text.CDC_Receive_HS
                0x0800688c       0x28 ./USB_DEVICE/App/usbd_cdc_if.o
 .text.CDC_TransmitCplt_HS
                0x080068b4       0x22 ./USB_DEVICE/App/usbd_cdc_if.o
 *fill*         0x080068d6        0x2 
 .text.USBD_CDC_DeviceDescriptor
                0x080068d8       0x24 ./USB_DEVICE/App/usbd_desc.o
                0x080068d8                USBD_CDC_DeviceDescriptor
 .text.USBD_CDC_LangIDStrDescriptor
                0x080068fc       0x24 ./USB_DEVICE/App/usbd_desc.o
                0x080068fc                USBD_CDC_LangIDStrDescriptor
 .text.USBD_CDC_ProductStrDescriptor
                0x08006920       0x28 ./USB_DEVICE/App/usbd_desc.o
                0x08006920                USBD_CDC_ProductStrDescriptor
 .text.USBD_CDC_ManufacturerStrDescriptor
                0x08006948       0x28 ./USB_DEVICE/App/usbd_desc.o
                0x08006948                USBD_CDC_ManufacturerStrDescriptor
 .text.USBD_CDC_SerialStrDescriptor
                0x08006970       0x24 ./USB_DEVICE/App/usbd_desc.o
                0x08006970                USBD_CDC_SerialStrDescriptor
 .text.USBD_CDC_ConfigStrDescriptor
                0x08006994       0x28 ./USB_DEVICE/App/usbd_desc.o
                0x08006994                USBD_CDC_ConfigStrDescriptor
 .text.USBD_CDC_InterfaceStrDescriptor
                0x080069bc       0x28 ./USB_DEVICE/App/usbd_desc.o
                0x080069bc                USBD_CDC_InterfaceStrDescriptor
 .text.Get_SerialNum
                0x080069e4       0x58 ./USB_DEVICE/App/usbd_desc.o
 .text.IntToUnicode
                0x08006a3c       0x7e ./USB_DEVICE/App/usbd_desc.o
 *fill*         0x08006aba        0x2 
 .text.HAL_PCD_MspInit
                0x08006abc       0x9c ./USB_DEVICE/Target/usbd_conf.o
                0x08006abc                HAL_PCD_MspInit
 .text.HAL_PCD_SetupStageCallback
                0x08006b58       0x24 ./USB_DEVICE/Target/usbd_conf.o
                0x08006b58                HAL_PCD_SetupStageCallback
 .text.HAL_PCD_DataOutStageCallback
                0x08006b7c       0x36 ./USB_DEVICE/Target/usbd_conf.o
                0x08006b7c                HAL_PCD_DataOutStageCallback
 .text.HAL_PCD_DataInStageCallback
                0x08006bb2       0x34 ./USB_DEVICE/Target/usbd_conf.o
                0x08006bb2                HAL_PCD_DataInStageCallback
 .text.HAL_PCD_SOFCallback
                0x08006be6       0x1c ./USB_DEVICE/Target/usbd_conf.o
                0x08006be6                HAL_PCD_SOFCallback
 .text.HAL_PCD_ResetCallback
                0x08006c02       0x50 ./USB_DEVICE/Target/usbd_conf.o
                0x08006c02                HAL_PCD_ResetCallback
 *fill*         0x08006c52        0x2 
 .text.HAL_PCD_SuspendCallback
                0x08006c54       0x50 ./USB_DEVICE/Target/usbd_conf.o
                0x08006c54                HAL_PCD_SuspendCallback
 .text.HAL_PCD_ResumeCallback
                0x08006ca4       0x50 ./USB_DEVICE/Target/usbd_conf.o
                0x08006ca4                HAL_PCD_ResumeCallback
 .text.HAL_PCD_ISOOUTIncompleteCallback
                0x08006cf4       0x24 ./USB_DEVICE/Target/usbd_conf.o
                0x08006cf4                HAL_PCD_ISOOUTIncompleteCallback
 .text.HAL_PCD_ISOINIncompleteCallback
                0x08006d18       0x24 ./USB_DEVICE/Target/usbd_conf.o
                0x08006d18                HAL_PCD_ISOINIncompleteCallback
 .text.HAL_PCD_ConnectCallback
                0x08006d3c       0x1c ./USB_DEVICE/Target/usbd_conf.o
                0x08006d3c                HAL_PCD_ConnectCallback
 .text.HAL_PCD_DisconnectCallback
                0x08006d58       0x1c ./USB_DEVICE/Target/usbd_conf.o
                0x08006d58                HAL_PCD_DisconnectCallback
 .text.USBD_LL_Init
                0x08006d74       0x9c ./USB_DEVICE/Target/usbd_conf.o
                0x08006d74                USBD_LL_Init
 .text.USBD_LL_Start
                0x08006e10       0x36 ./USB_DEVICE/Target/usbd_conf.o
                0x08006e10                USBD_LL_Start
 .text.USBD_LL_OpenEP
                0x08006e46       0x4c ./USB_DEVICE/Target/usbd_conf.o
                0x08006e46                USBD_LL_OpenEP
 .text.USBD_LL_CloseEP
                0x08006e92       0x3e ./USB_DEVICE/Target/usbd_conf.o
                0x08006e92                USBD_LL_CloseEP
 .text.USBD_LL_StallEP
                0x08006ed0       0x3e ./USB_DEVICE/Target/usbd_conf.o
                0x08006ed0                USBD_LL_StallEP
 .text.USBD_LL_ClearStallEP
                0x08006f0e       0x3e ./USB_DEVICE/Target/usbd_conf.o
                0x08006f0e                USBD_LL_ClearStallEP
 .text.USBD_LL_IsStallEP
                0x08006f4c       0x58 ./USB_DEVICE/Target/usbd_conf.o
                0x08006f4c                USBD_LL_IsStallEP
 .text.USBD_LL_SetUSBAddress
                0x08006fa4       0x3e ./USB_DEVICE/Target/usbd_conf.o
                0x08006fa4                USBD_LL_SetUSBAddress
 .text.USBD_LL_Transmit
                0x08006fe2       0x42 ./USB_DEVICE/Target/usbd_conf.o
                0x08006fe2                USBD_LL_Transmit
 .text.USBD_LL_PrepareReceive
                0x08007024       0x42 ./USB_DEVICE/Target/usbd_conf.o
                0x08007024                USBD_LL_PrepareReceive
 .text.USBD_LL_GetRxDataSize
                0x08007066       0x26 ./USB_DEVICE/Target/usbd_conf.o
                0x08007066                USBD_LL_GetRxDataSize
 .text.USBD_static_malloc
                0x0800708c       0x1c ./USB_DEVICE/Target/usbd_conf.o
                0x0800708c                USBD_static_malloc
 .text.USBD_static_free
                0x080070a8       0x14 ./USB_DEVICE/Target/usbd_conf.o
                0x080070a8                USBD_static_free
 .text.USBD_Get_USB_Status
                0x080070bc       0x58 ./USB_DEVICE/Target/usbd_conf.o
                0x080070bc                USBD_Get_USB_Status
 .text.memset   0x08007114       0x10 /opt/st/stm32cubeide_1.15.0/plugins/com.st.stm32cube.ide.mcu.externaltools.gnu-tools-for-stm32.12.3.rel1.linux64_1.0.100.202403111256/tools/bin/../lib/gcc/arm-none-eabi/12.3.1/../../../../arm-none-eabi/lib/thumb/v7e-m+dp/hard/libc_nano.a(libc_a-memset.o)
                0x08007114                memset
 .text.__libc_init_array
                0x08007124       0x48 /opt/st/stm32cubeide_1.15.0/plugins/com.st.stm32cube.ide.mcu.externaltools.gnu-tools-for-stm32.12.3.rel1.linux64_1.0.100.202403111256/tools/bin/../lib/gcc/arm-none-eabi/12.3.1/../../../../arm-none-eabi/lib/thumb/v7e-m+dp/hard/libc_nano.a(libc_a-init.o)
                0x08007124                __libc_init_array
 *(.glue_7)
 .glue_7        0x0800716c        0x0 linker stubs
 *(.glue_7t)
 .glue_7t       0x0800716c        0x0 linker stubs
 *(.eh_frame)
 .eh_frame      0x0800716c        0x0 /opt/st/stm32cubeide_1.15.0/plugins/com.st.stm32cube.ide.mcu.externaltools.gnu-tools-for-stm32.12.3.rel1.linux64_1.0.100.202403111256/tools/bin/../lib/gcc/arm-none-eabi/12.3.1/thumb/v7e-m+dp/hard/crtbegin.o
 *(.init)
 .init          0x0800716c        0x4 /opt/st/stm32cubeide_1.15.0/plugins/com.st.stm32cube.ide.mcu.externaltools.gnu-tools-for-stm32.12.3.rel1.linux64_1.0.100.202403111256/tools/bin/../lib/gcc/arm-none-eabi/12.3.1/thumb/v7e-m+dp/hard/crti.o
                0x0800716c                _init
 .init          0x08007170        0x8 /opt/st/stm32cubeide_1.15.0/plugins/com.st.stm32cube.ide.mcu.externaltools.gnu-tools-for-stm32.12.3.rel1.linux64_1.0.100.202403111256/tools/bin/../lib/gcc/arm-none-eabi/12.3.1/thumb/v7e-m+dp/hard/crtn.o
 *(.fini)
 .fini          0x08007178        0x4 /opt/st/stm32cubeide_1.15.0/plugins/com.st.stm32cube.ide.mcu.externaltools.gnu-tools-for-stm32.12.3.rel1.linux64_1.0.100.202403111256/tools/bin/../lib/gcc/arm-none-eabi/12.3.1/thumb/v7e-m+dp/hard/crti.o
                0x08007178                _fini
 .fini          0x0800717c        0x8 /opt/st/stm32cubeide_1.15.0/plugins/com.st.stm32cube.ide.mcu.externaltools.gnu-tools-for-stm32.12.3.rel1.linux64_1.0.100.202403111256/tools/bin/../lib/gcc/arm-none-eabi/12.3.1/thumb/v7e-m+dp/hard/crtn.o
                0x08007184                        . = ALIGN (0x4)
                0x08007184                        _etext = .

.vfp11_veneer   0x08007184        0x0
 .vfp11_veneer  0x08007184        0x0 linker stubs

.v4_bx          0x08007184        0x0
 .v4_bx         0x08007184        0x0 linker stubs

.iplt           0x08007184        0x0
 .iplt          0x08007184        0x0 /opt/st/stm32cubeide_1.15.0/plugins/com.st.stm32cube.ide.mcu.externaltools.gnu-tools-for-stm32.12.3.rel1.linux64_1.0.100.202403111256/tools/bin/../lib/gcc/arm-none-eabi/12.3.1/thumb/v7e-m+dp/hard/crtbegin.o

.rodata         0x08007184       0x50
                0x08007184                        . = ALIGN (0x4)
 *(.rodata)
 .rodata        0x08007184        0x8 ./Drivers/STM32H7RSxx_HAL_Driver/stm32h7rsxx_hal_rcc.o
 .rodata        0x0800718c       0x46 ./USB_DEVICE/App/usbd_desc.o
 *(.rodata*)
                0x080071d4                        . = ALIGN (0x4)
 *fill*         0x080071d2        0x2 

.ARM.extab      0x080071d4        0x0
                0x080071d4                        . = ALIGN (0x4)
 *(.ARM.extab* .gnu.linkonce.armextab.*)
                0x080071d4                        . = ALIGN (0x4)

.ARM            0x080071d4        0x0
                0x080071d4                        . = ALIGN (0x4)
                0x080071d4                        __exidx_start = .
 *(.ARM.exidx*)
                0x080071d4                        __exidx_end = .
                0x080071d4                        . = ALIGN (0x4)

.preinit_array  0x080071d4        0x0
                0x080071d4                        . = ALIGN (0x4)
                0x080071d4                        PROVIDE (__preinit_array_start = .)
 *(.preinit_array*)
                0x080071d4                        PROVIDE (__preinit_array_end = .)
                0x080071d4                        . = ALIGN (0x4)

.init_array     0x080071d4        0x4
                0x080071d4                        . = ALIGN (0x4)
                0x080071d4                        PROVIDE (__init_array_start = .)
 *(SORT_BY_NAME(.init_array.*))
 *(.init_array*)
 .init_array    0x080071d4        0x4 /opt/st/stm32cubeide_1.15.0/plugins/com.st.stm32cube.ide.mcu.externaltools.gnu-tools-for-stm32.12.3.rel1.linux64_1.0.100.202403111256/tools/bin/../lib/gcc/arm-none-eabi/12.3.1/thumb/v7e-m+dp/hard/crtbegin.o
                0x080071d8                        PROVIDE (__init_array_end = .)
                0x080071d8                        . = ALIGN (0x4)

.fini_array     0x080071d8        0x4
                0x080071d8                        . = ALIGN (0x4)
                [!provide]                        PROVIDE (__fini_array_start = .)
 *(SORT_BY_NAME(.fini_array.*))
 *(.fini_array*)
 .fini_array    0x080071d8        0x4 /opt/st/stm32cubeide_1.15.0/plugins/com.st.stm32cube.ide.mcu.externaltools.gnu-tools-for-stm32.12.3.rel1.linux64_1.0.100.202403111256/tools/bin/../lib/gcc/arm-none-eabi/12.3.1/thumb/v7e-m+dp/hard/crtbegin.o
                [!provide]                        PROVIDE (__fini_array_end = .)
                0x080071dc                        . = ALIGN (0x4)
                0x080071dc                        _sidata = LOADADDR (.data)

.rel.dyn        0x080071dc        0x0
 .rel.iplt      0x080071dc        0x0 /opt/st/stm32cubeide_1.15.0/plugins/com.st.stm32cube.ide.mcu.externaltools.gnu-tools-for-stm32.12.3.rel1.linux64_1.0.100.202403111256/tools/bin/../lib/gcc/arm-none-eabi/12.3.1/thumb/v7e-m+dp/hard/crtbegin.o

.data           0x24000000      0x100 load address 0x080071dc
                0x24000000                        . = ALIGN (0x4)
                0x24000000                        _sdata = .
 *(.data)
 *(.data*)
 .data.SystemCoreClock
                0x24000000        0x4 ./Core/Src/system_stm32h7rsxx.o
                0x24000000                SystemCoreClock
 .data.uwTickPrio
                0x24000004        0x4 ./Drivers/STM32H7RSxx_HAL_Driver/stm32h7rsxx_hal.o
                0x24000004                uwTickPrio
 .data.uwTickFreq
                0x24000008        0x1 ./Drivers/STM32H7RSxx_HAL_Driver/stm32h7rsxx_hal.o
                0x24000008                uwTickFreq
 *fill*         0x24000009        0x3 
 .data.USBD_CDC_DeviceQualifierDesc
                0x2400000c        0xa ./Middlewares/ST/STM32_USB_Device_Library/usbd_cdc.o
 *fill*         0x24000016        0x2 
 .data.USBD_CDC
                0x24000018       0x38 ./Middlewares/ST/STM32_USB_Device_Library/usbd_cdc.o
                0x24000018                USBD_CDC
 .data.USBD_CDC_CfgDesc
                0x24000050       0x43 ./Middlewares/ST/STM32_USB_Device_Library/usbd_cdc.o
 .data.CDCInEpAdd
                0x24000093        0x1 ./Middlewares/ST/STM32_USB_Device_Library/usbd_cdc.o
 .data.CDCOutEpAdd
                0x24000094        0x1 ./Middlewares/ST/STM32_USB_Device_Library/usbd_cdc.o
 .data.CDCCmdEpAdd
                0x24000095        0x1 ./Middlewares/ST/STM32_USB_Device_Library/usbd_cdc.o
 *fill*         0x24000096        0x2 
 .data.USBD_Interface_fops_HS
                0x24000098       0x14 ./USB_DEVICE/App/usbd_cdc_if.o
                0x24000098                USBD_Interface_fops_HS
 .data.CDC_Desc
                0x240000ac       0x20 ./USB_DEVICE/App/usbd_desc.o
                0x240000ac                CDC_Desc
 .data.USBD_CDC_DeviceDesc
                0x240000cc       0x12 ./USB_DEVICE/App/usbd_desc.o
                0x240000cc                USBD_CDC_DeviceDesc
 *fill*         0x240000de        0x2 
 .data.USBD_LangIDDesc
                0x240000e0        0x4 ./USB_DEVICE/App/usbd_desc.o
                0x240000e0                USBD_LangIDDesc
 .data.USBD_StringSerial
                0x240000e4       0x1a ./USB_DEVICE/App/usbd_desc.o
                0x240000e4                USBD_StringSerial
 *(.RamFunc)
 *(.RamFunc*)
                0x24000100                        . = ALIGN (0x4)
 *fill*         0x240000fe        0x2 
                0x24000100                        _edata = .

.igot.plt       0x24000100        0x0 load address 0x080072dc
 .igot.plt      0x24000100        0x0 /opt/st/stm32cubeide_1.15.0/plugins/com.st.stm32cube.ide.mcu.externaltools.gnu-tools-for-stm32.12.3.rel1.linux64_1.0.100.202403111256/tools/bin/../lib/gcc/arm-none-eabi/12.3.1/thumb/v7e-m+dp/hard/crtbegin.o
                0x24000100                        . = ALIGN (0x4)

.bss            0x24000100     0x1c04 load address 0x080072dc
                0x24000100                        _sbss = .
                0x24000100                        __bss_start__ = _sbss
 *(.bss)
 .bss           0x24000100       0x1c /opt/st/stm32cubeide_1.15.0/plugins/com.st.stm32cube.ide.mcu.externaltools.gnu-tools-for-stm32.12.3.rel1.linux64_1.0.100.202403111256/tools/bin/../lib/gcc/arm-none-eabi/12.3.1/thumb/v7e-m+dp/hard/crtbegin.o
 *(.bss*)
 .bss.uwTick    0x2400011c        0x4 ./Drivers/STM32H7RSxx_HAL_Driver/stm32h7rsxx_hal.o
                0x2400011c                uwTick
 .bss.cfgidx.0  0x24000120        0x1 ./Middlewares/ST/STM32_USB_Device_Library/usbd_ctlreq.o
 *fill*         0x24000121        0x3 
 .bss.hUsbDeviceHS
                0x24000124      0x2dc ./USB_DEVICE/App/usb_device.o
                0x24000124                hUsbDeviceHS
 .bss.UserRxBufferHS
                0x24000400      0x800 ./USB_DEVICE/App/usbd_cdc_if.o
                0x24000400                UserRxBufferHS
 .bss.UserTxBufferHS
                0x24000c00      0x800 ./USB_DEVICE/App/usbd_cdc_if.o
                0x24000c00                UserTxBufferHS
 .bss.USBD_StrDesc
                0x24001400      0x200 ./USB_DEVICE/App/usbd_desc.o
                0x24001400                USBD_StrDesc
 .bss.hpcd_USB_OTG_HS
                0x24001600      0x4e4 ./USB_DEVICE/Target/usbd_conf.o
                0x24001600                hpcd_USB_OTG_HS
 .bss.mem.0     0x24001ae4      0x220 ./USB_DEVICE/Target/usbd_conf.o
 *(COMMON)
                0x24001d04                        . = ALIGN (0x4)
                0x24001d04                        _ebss = .
                0x24001d04                        __bss_end__ = _ebss

RW_NONCACHEABLE
                0x24071c00        0x0
                0x24071c00                        __NONCACHEABLEBUFFER_BEGIN = .
 *(noncacheable_buffer)
                0x24071c00                        __NONCACHEABLEBUFFER_END = .

._user_heap_stack
                0x20000000      0x600
                0x20000000                        . = ALIGN (0x8)
                [!provide]                        PROVIDE (end = .)
                0x20000000                        PROVIDE (_end = .)
                0x20000200                        . = (. + _Min_Heap_Size)
 *fill*         0x20000000      0x200 
                0x20000600                        . = (. + _Min_Stack_Size)
 *fill*         0x20000200      0x400 
                0x20000600                        . = ALIGN (0x8)

/DISCARD/
 libc.a(*)
 libm.a(*)
 libgcc.a(*)

.ARM.attributes
                0x00000000       0x2e
 *(.ARM.attributes)
 .ARM.attributes
                0x00000000       0x20 /opt/st/stm32cubeide_1.15.0/plugins/com.st.stm32cube.ide.mcu.externaltools.gnu-tools-for-stm32.12.3.rel1.linux64_1.0.100.202403111256/tools/bin/../lib/gcc/arm-none-eabi/12.3.1/thumb/v7e-m+dp/hard/crti.o
 .ARM.attributes
                0x00000020       0x32 /opt/st/stm32cubeide_1.15.0/plugins/com.st.stm32cube.ide.mcu.externaltools.gnu-tools-for-stm32.12.3.rel1.linux64_1.0.100.202403111256/tools/bin/../lib/gcc/arm-none-eabi/12.3.1/thumb/v7e-m+dp/hard/crtbegin.o
 .ARM.attributes
                0x00000052       0x32 ./Core/Src/main.o
 .ARM.attributes
                0x00000084       0x32 ./Core/Src/stm32h7rsxx_hal_msp.o
 .ARM.attributes
                0x000000b6       0x32 ./Core/Src/stm32h7rsxx_it.o
 .ARM.attributes
                0x000000e8       0x32 ./Core/Src/system_stm32h7rsxx.o
 .ARM.attributes
                0x0000011a       0x21 ./Core/Startup/startup_stm32h7s3l8hx.o
 .ARM.attributes
                0x0000013b       0x32 ./Drivers/STM32H7RSxx_HAL_Driver/stm32h7rsxx_hal.o
 .ARM.attributes
                0x0000016d       0x32 ./Drivers/STM32H7RSxx_HAL_Driver/stm32h7rsxx_hal_cortex.o
 .ARM.attributes
                0x0000019f       0x32 ./Drivers/STM32H7RSxx_HAL_Driver/stm32h7rsxx_hal_pcd.o
 .ARM.attributes
                0x000001d1       0x32 ./Drivers/STM32H7RSxx_HAL_Driver/stm32h7rsxx_hal_pcd_ex.o
 .ARM.attributes
                0x00000203       0x32 ./Drivers/STM32H7RSxx_HAL_Driver/stm32h7rsxx_hal_pwr_ex.o
 .ARM.attributes
                0x00000235       0x32 ./Drivers/STM32H7RSxx_HAL_Driver/stm32h7rsxx_hal_rcc.o
 .ARM.attributes
                0x00000267       0x32 ./Drivers/STM32H7RSxx_HAL_Driver/stm32h7rsxx_hal_rcc_ex.o
 .ARM.attributes
                0x00000299       0x32 ./Drivers/STM32H7RSxx_HAL_Driver/stm32h7rsxx_ll_usb.o
 .ARM.attributes
                0x000002cb       0x32 ./Middlewares/ST/STM32_USB_Device_Library/usbd_cdc.o
 .ARM.attributes
                0x000002fd       0x32 ./Middlewares/ST/STM32_USB_Device_Library/usbd_core.o
 .ARM.attributes
                0x0000032f       0x32 ./Middlewares/ST/STM32_USB_Device_Library/usbd_ctlreq.o
 .ARM.attributes
                0x00000361       0x32 ./Middlewares/ST/STM32_USB_Device_Library/usbd_ioreq.o
 .ARM.attributes
                0x00000393       0x32 ./USB_DEVICE/App/usb_device.o
 .ARM.attributes
                0x000003c5       0x32 ./USB_DEVICE/App/usbd_cdc_if.o
 .ARM.attributes
                0x000003f7       0x32 ./USB_DEVICE/App/usbd_desc.o
 .ARM.attributes
                0x00000429       0x32 ./USB_DEVICE/Target/usbd_conf.o
 .ARM.attributes
                0x0000045b       0x32 /opt/st/stm32cubeide_1.15.0/plugins/com.st.stm32cube.ide.mcu.externaltools.gnu-tools-for-stm32.12.3.rel1.linux64_1.0.100.202403111256/tools/bin/../lib/gcc/arm-none-eabi/12.3.1/../../../../arm-none-eabi/lib/thumb/v7e-m+dp/hard/libc_nano.a(libc_a-memset.o)
 .ARM.attributes
                0x0000048d       0x32 /opt/st/stm32cubeide_1.15.0/plugins/com.st.stm32cube.ide.mcu.externaltools.gnu-tools-for-stm32.12.3.rel1.linux64_1.0.100.202403111256/tools/bin/../lib/gcc/arm-none-eabi/12.3.1/../../../../arm-none-eabi/lib/thumb/v7e-m+dp/hard/libc_nano.a(libc_a-init.o)
 .ARM.attributes
                0x000004bf       0x20 /opt/st/stm32cubeide_1.15.0/plugins/com.st.stm32cube.ide.mcu.externaltools.gnu-tools-for-stm32.12.3.rel1.linux64_1.0.100.202403111256/tools/bin/../lib/gcc/arm-none-eabi/12.3.1/thumb/v7e-m+dp/hard/crtn.o
OUTPUT(H7Device_Appli.elf elf32-littlearm)
LOAD linker stubs
LOAD /opt/st/stm32cubeide_1.15.0/plugins/com.st.stm32cube.ide.mcu.externaltools.gnu-tools-for-stm32.12.3.rel1.linux64_1.0.100.202403111256/tools/bin/../lib/gcc/arm-none-eabi/12.3.1/../../../../arm-none-eabi/lib/thumb/v7e-m+dp/hard/libc.a
LOAD /opt/st/stm32cubeide_1.15.0/plugins/com.st.stm32cube.ide.mcu.externaltools.gnu-tools-for-stm32.12.3.rel1.linux64_1.0.100.202403111256/tools/bin/../lib/gcc/arm-none-eabi/12.3.1/../../../../arm-none-eabi/lib/thumb/v7e-m+dp/hard/libm.a
LOAD /opt/st/stm32cubeide_1.15.0/plugins/com.st.stm32cube.ide.mcu.externaltools.gnu-tools-for-stm32.12.3.rel1.linux64_1.0.100.202403111256/tools/bin/../lib/gcc/arm-none-eabi/12.3.1/thumb/v7e-m+dp/hard/libgcc.a

.debug_info     0x00000000    0x10efe
 .debug_info    0x00000000      0x14f ./Core/Src/main.o
 .debug_info    0x0000014f       0x9f ./Core/Src/stm32h7rsxx_hal_msp.o
 .debug_info    0x000001ee      0x6bc ./Core/Src/stm32h7rsxx_it.o
 .debug_info    0x000008aa      0x9bd ./Core/Src/system_stm32h7rsxx.o
 .debug_info    0x00001267       0x30 ./Core/Startup/startup_stm32h7s3l8hx.o
 .debug_info    0x00001297     0x18a1 ./Drivers/STM32H7RSxx_HAL_Driver/stm32h7rsxx_hal.o
 .debug_info    0x00002b38     0x1103 ./Drivers/STM32H7RSxx_HAL_Driver/stm32h7rsxx_hal_cortex.o
 .debug_info    0x00003c3b     0x157a ./Drivers/STM32H7RSxx_HAL_Driver/stm32h7rsxx_hal_pcd.o
 .debug_info    0x000051b5      0x8c9 ./Drivers/STM32H7RSxx_HAL_Driver/stm32h7rsxx_hal_pcd_ex.o
 .debug_info    0x00005a7e      0xb87 ./Drivers/STM32H7RSxx_HAL_Driver/stm32h7rsxx_hal_pwr_ex.o
 .debug_info    0x00006605     0x1464 ./Drivers/STM32H7RSxx_HAL_Driver/stm32h7rsxx_hal_rcc.o
 .debug_info    0x00007a69      0xd71 ./Drivers/STM32H7RSxx_HAL_Driver/stm32h7rsxx_hal_rcc_ex.o
 .debug_info    0x000087da     0x1a38 ./Drivers/STM32H7RSxx_HAL_Driver/stm32h7rsxx_ll_usb.o
 .debug_info    0x0000a212     0x1347 ./Middlewares/ST/STM32_USB_Device_Library/usbd_cdc.o
 .debug_info    0x0000b559      0xe20 ./Middlewares/ST/STM32_USB_Device_Library/usbd_core.o
 .debug_info    0x0000c379      0xaf9 ./Middlewares/ST/STM32_USB_Device_Library/usbd_ctlreq.o
 .debug_info    0x0000ce72      0x770 ./Middlewares/ST/STM32_USB_Device_Library/usbd_ioreq.o
 .debug_info    0x0000d5e2      0x71c ./USB_DEVICE/App/usb_device.o
 .debug_info    0x0000dcfe      0x915 ./USB_DEVICE/App/usbd_cdc_if.o
 .debug_info    0x0000e613      0x4c5 ./USB_DEVICE/App/usbd_desc.o
 .debug_info    0x0000ead8     0x2426 ./USB_DEVICE/Target/usbd_conf.o

.debug_abbrev   0x00000000     0x2cef
 .debug_abbrev  0x00000000       0xf3 ./Core/Src/main.o
 .debug_abbrev  0x000000f3       0x45 ./Core/Src/stm32h7rsxx_hal_msp.o
 .debug_abbrev  0x00000138      0x1a4 ./Core/Src/stm32h7rsxx_it.o
 .debug_abbrev  0x000002dc      0x12e ./Core/Src/system_stm32h7rsxx.o
 .debug_abbrev  0x0000040a       0x24 ./Core/Startup/startup_stm32h7s3l8hx.o
 .debug_abbrev  0x0000042e      0x34a ./Drivers/STM32H7RSxx_HAL_Driver/stm32h7rsxx_hal.o
 .debug_abbrev  0x00000778      0x31f ./Drivers/STM32H7RSxx_HAL_Driver/stm32h7rsxx_hal_cortex.o
 .debug_abbrev  0x00000a97      0x2ed ./Drivers/STM32H7RSxx_HAL_Driver/stm32h7rsxx_hal_pcd.o
 .debug_abbrev  0x00000d84      0x25a ./Drivers/STM32H7RSxx_HAL_Driver/stm32h7rsxx_hal_pcd_ex.o
 .debug_abbrev  0x00000fde      0x250 ./Drivers/STM32H7RSxx_HAL_Driver/stm32h7rsxx_hal_pwr_ex.o
 .debug_abbrev  0x0000122e      0x2df ./Drivers/STM32H7RSxx_HAL_Driver/stm32h7rsxx_hal_rcc.o
 .debug_abbrev  0x0000150d      0x24f ./Drivers/STM32H7RSxx_HAL_Driver/stm32h7rsxx_hal_rcc_ex.o
 .debug_abbrev  0x0000175c      0x2b3 ./Drivers/STM32H7RSxx_HAL_Driver/stm32h7rsxx_ll_usb.o
 .debug_abbrev  0x00001a0f      0x2d2 ./Middlewares/ST/STM32_USB_Device_Library/usbd_cdc.o
 .debug_abbrev  0x00001ce1      0x27c ./Middlewares/ST/STM32_USB_Device_Library/usbd_core.o
 .debug_abbrev  0x00001f5d      0x26f ./Middlewares/ST/STM32_USB_Device_Library/usbd_ctlreq.o
 .debug_abbrev  0x000021cc      0x19a ./Middlewares/ST/STM32_USB_Device_Library/usbd_ioreq.o
 .debug_abbrev  0x00002366      0x195 ./USB_DEVICE/App/usb_device.o
 .debug_abbrev  0x000024fb      0x29d ./USB_DEVICE/App/usbd_cdc_if.o
 .debug_abbrev  0x00002798      0x1f5 ./USB_DEVICE/App/usbd_desc.o
 .debug_abbrev  0x0000298d      0x362 ./USB_DEVICE/Target/usbd_conf.o

.debug_aranges  0x00000000      0xf98
 .debug_aranges
                0x00000000       0x28 ./Core/Src/main.o
 .debug_aranges
                0x00000028       0x20 ./Core/Src/stm32h7rsxx_hal_msp.o
 .debug_aranges
                0x00000048       0x68 ./Core/Src/stm32h7rsxx_it.o
 .debug_aranges
                0x000000b0       0x28 ./Core/Src/system_stm32h7rsxx.o
 .debug_aranges
                0x000000d8       0x28 ./Core/Startup/startup_stm32h7s3l8hx.o
 .debug_aranges
                0x00000100      0x240 ./Drivers/STM32H7RSxx_HAL_Driver/stm32h7rsxx_hal.o
 .debug_aranges
                0x00000340      0x130 ./Drivers/STM32H7RSxx_HAL_Driver/stm32h7rsxx_hal_cortex.o
 .debug_aranges
                0x00000470      0x140 ./Drivers/STM32H7RSxx_HAL_Driver/stm32h7rsxx_hal_pcd.o
 .debug_aranges
                0x000005b0       0x60 ./Drivers/STM32H7RSxx_HAL_Driver/stm32h7rsxx_hal_pcd_ex.o
 .debug_aranges
                0x00000610      0x1c8 ./Drivers/STM32H7RSxx_HAL_Driver/stm32h7rsxx_hal_pwr_ex.o
 .debug_aranges
                0x000007d8      0x130 ./Drivers/STM32H7RSxx_HAL_Driver/stm32h7rsxx_hal_rcc.o
 .debug_aranges
                0x00000908       0xc8 ./Drivers/STM32H7RSxx_HAL_Driver/stm32h7rsxx_hal_rcc_ex.o
 .debug_aranges
                0x000009d0      0x1a0 ./Drivers/STM32H7RSxx_HAL_Driver/stm32h7rsxx_ll_usb.o
 .debug_aranges
                0x00000b70       0x90 ./Middlewares/ST/STM32_USB_Device_Library/usbd_cdc.o
 .debug_aranges
                0x00000c00       0xd8 ./Middlewares/ST/STM32_USB_Device_Library/usbd_core.o
 .debug_aranges
                0x00000cd8       0x90 ./Middlewares/ST/STM32_USB_Device_Library/usbd_ctlreq.o
 .debug_aranges
                0x00000d68       0x50 ./Middlewares/ST/STM32_USB_Device_Library/usbd_ioreq.o
 .debug_aranges
                0x00000db8       0x20 ./USB_DEVICE/App/usb_device.o
 .debug_aranges
                0x00000dd8       0x48 ./USB_DEVICE/App/usbd_cdc_if.o
 .debug_aranges
                0x00000e20       0x68 ./USB_DEVICE/App/usbd_desc.o
 .debug_aranges
                0x00000e88      0x110 ./USB_DEVICE/Target/usbd_conf.o

.debug_rnglists
                0x00000000      0xb95
 .debug_rnglists
                0x00000000       0x19 ./Core/Src/main.o
 .debug_rnglists
                0x00000019       0x13 ./Core/Src/stm32h7rsxx_hal_msp.o
 .debug_rnglists
                0x0000002c       0x49 ./Core/Src/stm32h7rsxx_it.o
 .debug_rnglists
                0x00000075       0x1a ./Core/Src/system_stm32h7rsxx.o
 .debug_rnglists
                0x0000008f       0x19 ./Core/Startup/startup_stm32h7s3l8hx.o
 .debug_rnglists
                0x000000a8      0x1ae ./Drivers/STM32H7RSxx_HAL_Driver/stm32h7rsxx_hal.o
 .debug_rnglists
                0x00000256       0xe0 ./Drivers/STM32H7RSxx_HAL_Driver/stm32h7rsxx_hal_cortex.o
 .debug_rnglists
                0x00000336       0xf4 ./Drivers/STM32H7RSxx_HAL_Driver/stm32h7rsxx_hal_pcd.o
 .debug_rnglists
                0x0000042a       0x45 ./Drivers/STM32H7RSxx_HAL_Driver/stm32h7rsxx_hal_pcd_ex.o
 .debug_rnglists
                0x0000046f      0x154 ./Drivers/STM32H7RSxx_HAL_Driver/stm32h7rsxx_hal_pwr_ex.o
 .debug_rnglists
                0x000005c3       0xea ./Drivers/STM32H7RSxx_HAL_Driver/stm32h7rsxx_hal_rcc.o
 .debug_rnglists
                0x000006ad       0x98 ./Drivers/STM32H7RSxx_HAL_Driver/stm32h7rsxx_hal_rcc_ex.o
 .debug_rnglists
                0x00000745      0x147 ./Drivers/STM32H7RSxx_HAL_Driver/stm32h7rsxx_ll_usb.o
 .debug_rnglists
                0x0000088c       0x6c ./Middlewares/ST/STM32_USB_Device_Library/usbd_cdc.o
 .debug_rnglists
                0x000008f8       0xa1 ./Middlewares/ST/STM32_USB_Device_Library/usbd_core.o
 .debug_rnglists
                0x00000999       0x6e ./Middlewares/ST/STM32_USB_Device_Library/usbd_ctlreq.o
 .debug_rnglists
                0x00000a07       0x37 ./Middlewares/ST/STM32_USB_Device_Library/usbd_ioreq.o
 .debug_rnglists
                0x00000a3e       0x13 ./USB_DEVICE/App/usb_device.o
 .debug_rnglists
                0x00000a51       0x32 ./USB_DEVICE/App/usbd_cdc_if.o
 .debug_rnglists
                0x00000a83       0x49 ./USB_DEVICE/App/usbd_desc.o
 .debug_rnglists
                0x00000acc       0xc9 ./USB_DEVICE/Target/usbd_conf.o

.debug_macro    0x00000000    0x31ecc
 .debug_macro   0x00000000      0x350 ./Core/Src/main.o
 .debug_macro   0x00000350      0xacc ./Core/Src/main.o
 .debug_macro   0x00000e1c      0x1a1 ./Core/Src/main.o
 .debug_macro   0x00000fbd       0x2e ./Core/Src/main.o
 .debug_macro   0x00000feb       0x42 ./Core/Src/main.o
 .debug_macro   0x0000102d       0x22 ./Core/Src/main.o
 .debug_macro   0x0000104f       0x8e ./Core/Src/main.o
 .debug_macro   0x000010dd       0x51 ./Core/Src/main.o
 .debug_macro   0x0000112e      0x103 ./Core/Src/main.o
 .debug_macro   0x00001231       0x6a ./Core/Src/main.o
 .debug_macro   0x0000129b      0x1df ./Core/Src/main.o
 .debug_macro   0x0000147a       0x1c ./Core/Src/main.o
 .debug_macro   0x00001496       0x22 ./Core/Src/main.o
 .debug_macro   0x000014b8       0xfb ./Core/Src/main.o
 .debug_macro   0x000015b3     0x1313 ./Core/Src/main.o
 .debug_macro   0x000028c6      0x11f ./Core/Src/main.o
 .debug_macro   0x000029e5       0x22 ./Core/Src/main.o
 .debug_macro   0x00002a07    0x2145c ./Core/Src/main.o
 .debug_macro   0x00023e63       0x6d ./Core/Src/main.o
 .debug_macro   0x00023ed0     0x346a ./Core/Src/main.o
 .debug_macro   0x0002733a       0x61 ./Core/Src/main.o
 .debug_macro   0x0002739b       0x29 ./Core/Src/main.o
 .debug_macro   0x000273c4       0x43 ./Core/Src/main.o
 .debug_macro   0x00027407       0x34 ./Core/Src/main.o
 .debug_macro   0x0002743b      0x189 ./Core/Src/main.o
 .debug_macro   0x000275c4       0x16 ./Core/Src/main.o
 .debug_macro   0x000275da       0x43 ./Core/Src/main.o
 .debug_macro   0x0002761d       0x34 ./Core/Src/main.o
 .debug_macro   0x00027651       0x10 ./Core/Src/main.o
 .debug_macro   0x00027661       0x58 ./Core/Src/main.o
 .debug_macro   0x000276b9       0x8e ./Core/Src/main.o
 .debug_macro   0x00027747       0x1c ./Core/Src/main.o
 .debug_macro   0x00027763      0x177 ./Core/Src/main.o
 .debug_macro   0x000278da      0x369 ./Core/Src/main.o
 .debug_macro   0x00027c43      0x19b ./Core/Src/main.o
 .debug_macro   0x00027dde       0x64 ./Core/Src/main.o
 .debug_macro   0x00027e42      0xab5 ./Core/Src/main.o
 .debug_macro   0x000288f7     0x1f68 ./Core/Src/main.o
 .debug_macro   0x0002a85f      0x93a ./Core/Src/main.o
 .debug_macro   0x0002b199      0x170 ./Core/Src/main.o
 .debug_macro   0x0002b309      0x1ba ./Core/Src/main.o
 .debug_macro   0x0002b4c3      0x2e8 ./Core/Src/main.o
 .debug_macro   0x0002b7ab      0x590 ./Core/Src/main.o
 .debug_macro   0x0002bd3b      0x52e ./Core/Src/main.o
 .debug_macro   0x0002c269       0xba ./Core/Src/main.o
 .debug_macro   0x0002c323      0x27c ./Core/Src/main.o
 .debug_macro   0x0002c59f      0x2c0 ./Core/Src/main.o
 .debug_macro   0x0002c85f      0x433 ./Core/Src/main.o
 .debug_macro   0x0002cc92       0xb0 ./Core/Src/main.o
 .debug_macro   0x0002cd42      0x11c ./Core/Src/main.o
 .debug_macro   0x0002ce5e      0x293 ./Core/Src/main.o
 .debug_macro   0x0002d0f1       0x90 ./Core/Src/main.o
 .debug_macro   0x0002d181      0x210 ./Core/Src/main.o
 .debug_macro   0x0002d391      0x2a0 ./Core/Src/main.o
 .debug_macro   0x0002d631       0x3c ./Core/Src/main.o
 .debug_macro   0x0002d66d      0x587 ./Core/Src/main.o
 .debug_macro   0x0002dbf4       0x1c ./Core/Src/main.o
 .debug_macro   0x0002dc10       0x35 ./Core/Src/main.o
 .debug_macro   0x0002dc45       0x10 ./Core/Src/main.o
 .debug_macro   0x0002dc55       0x1c ./Core/Src/main.o
 .debug_macro   0x0002dc71       0x16 ./Core/Src/main.o
 .debug_macro   0x0002dc87      0x146 ./Core/Src/main.o
 .debug_macro   0x0002ddcd       0x16 ./Core/Src/main.o
 .debug_macro   0x0002dde3       0x16 ./Core/Src/main.o
 .debug_macro   0x0002ddf9       0x29 ./Core/Src/main.o
 .debug_macro   0x0002de22       0x16 ./Core/Src/main.o
 .debug_macro   0x0002de38       0x20 ./Core/Src/main.o
 .debug_macro   0x0002de58       0x65 ./Core/Src/main.o
 .debug_macro   0x0002debd      0x20f ./Core/Src/main.o
 .debug_macro   0x0002e0cc      0x290 ./Core/Src/stm32h7rsxx_hal_msp.o
 .debug_macro   0x0002e35c      0x29a ./Core/Src/stm32h7rsxx_it.o
 .debug_macro   0x0002e5f6      0x28c ./Core/Src/system_stm32h7rsxx.o
 .debug_macro   0x0002e882      0x2c8 ./Drivers/STM32H7RSxx_HAL_Driver/stm32h7rsxx_hal.o
 .debug_macro   0x0002eb4a      0x286 ./Drivers/STM32H7RSxx_HAL_Driver/stm32h7rsxx_hal_cortex.o
 .debug_macro   0x0002edd0      0x292 ./Drivers/STM32H7RSxx_HAL_Driver/stm32h7rsxx_hal_pcd.o
 .debug_macro   0x0002f062      0x286 ./Drivers/STM32H7RSxx_HAL_Driver/stm32h7rsxx_hal_pcd_ex.o
 .debug_macro   0x0002f2e8      0x2bf ./Drivers/STM32H7RSxx_HAL_Driver/stm32h7rsxx_hal_pwr_ex.o
 .debug_macro   0x0002f5a7      0x2ec ./Drivers/STM32H7RSxx_HAL_Driver/stm32h7rsxx_hal_rcc.o
 .debug_macro   0x0002f893      0x286 ./Drivers/STM32H7RSxx_HAL_Driver/stm32h7rsxx_hal_rcc_ex.o
 .debug_macro   0x0002fb19      0x286 ./Drivers/STM32H7RSxx_HAL_Driver/stm32h7rsxx_ll_usb.o
 .debug_macro   0x0002fd9f      0x387 ./Middlewares/ST/STM32_USB_Device_Library/usbd_cdc.o
 .debug_macro   0x00030126       0x16 ./Middlewares/ST/STM32_USB_Device_Library/usbd_cdc.o
 .debug_macro   0x0003013c       0x9e ./Middlewares/ST/STM32_USB_Device_Library/usbd_cdc.o
 .debug_macro   0x000301da      0x10b ./Middlewares/ST/STM32_USB_Device_Library/usbd_cdc.o
 .debug_macro   0x000302e5       0x16 ./Middlewares/ST/STM32_USB_Device_Library/usbd_cdc.o
 .debug_macro   0x000302fb       0x95 ./Middlewares/ST/STM32_USB_Device_Library/usbd_cdc.o
 .debug_macro   0x00030390      0x36e ./Middlewares/ST/STM32_USB_Device_Library/usbd_core.o
 .debug_macro   0x000306fe      0x215 ./Middlewares/ST/STM32_USB_Device_Library/usbd_core.o
 .debug_macro   0x00030913      0x378 ./Middlewares/ST/STM32_USB_Device_Library/usbd_ctlreq.o
 .debug_macro   0x00030c8b      0x374 ./Middlewares/ST/STM32_USB_Device_Library/usbd_ioreq.o
 .debug_macro   0x00030fff      0x3a1 ./USB_DEVICE/App/usb_device.o
 .debug_macro   0x000313a0       0x22 ./USB_DEVICE/App/usb_device.o
 .debug_macro   0x000313c2       0x16 ./USB_DEVICE/App/usb_device.o
 .debug_macro   0x000313d8      0x392 ./USB_DEVICE/App/usbd_cdc_if.o
 .debug_macro   0x0003176a       0x10 ./USB_DEVICE/App/usbd_cdc_if.o
 .debug_macro   0x0003177a      0x3b1 ./USB_DEVICE/App/usbd_desc.o
 .debug_macro   0x00031b2b       0x1c ./USB_DEVICE/App/usbd_desc.o
 .debug_macro   0x00031b47      0x385 ./USB_DEVICE/Target/usbd_conf.o

.debug_line     0x00000000    0x12cce
 .debug_line    0x00000000      0x92a ./Core/Src/main.o
 .debug_line    0x0000092a      0x7fe ./Core/Src/stm32h7rsxx_hal_msp.o
 .debug_line    0x00001128      0x8df ./Core/Src/stm32h7rsxx_it.o
 .debug_line    0x00001a07      0x908 ./Core/Src/system_stm32h7rsxx.o
 .debug_line    0x0000230f       0x7b ./Core/Startup/startup_stm32h7s3l8hx.o
 .debug_line    0x0000238a     0x10a2 ./Drivers/STM32H7RSxx_HAL_Driver/stm32h7rsxx_hal.o
 .debug_line    0x0000342c      0xe5b ./Drivers/STM32H7RSxx_HAL_Driver/stm32h7rsxx_hal_cortex.o
 .debug_line    0x00004287     0x1637 ./Drivers/STM32H7RSxx_HAL_Driver/stm32h7rsxx_hal_pcd.o
 .debug_line    0x000058be      0xaf8 ./Drivers/STM32H7RSxx_HAL_Driver/stm32h7rsxx_hal_pcd_ex.o
 .debug_line    0x000063b6     0x1003 ./Drivers/STM32H7RSxx_HAL_Driver/stm32h7rsxx_hal_pwr_ex.o
 .debug_line    0x000073b9     0x17b5 ./Drivers/STM32H7RSxx_HAL_Driver/stm32h7rsxx_hal_rcc.o
 .debug_line    0x00008b6e     0x1c76 ./Drivers/STM32H7RSxx_HAL_Driver/stm32h7rsxx_hal_rcc_ex.o
 .debug_line    0x0000a7e4     0x1f71 ./Drivers/STM32H7RSxx_HAL_Driver/stm32h7rsxx_ll_usb.o
 .debug_line    0x0000c755      0xeb9 ./Middlewares/ST/STM32_USB_Device_Library/usbd_cdc.o
 .debug_line    0x0000d60e      0xf30 ./Middlewares/ST/STM32_USB_Device_Library/usbd_core.o
 .debug_line    0x0000e53e     0x115d ./Middlewares/ST/STM32_USB_Device_Library/usbd_ctlreq.o
 .debug_line    0x0000f69b      0xa4a ./Middlewares/ST/STM32_USB_Device_Library/usbd_ioreq.o
 .debug_line    0x000100e5      0x9ab ./USB_DEVICE/App/usb_device.o
 .debug_line    0x00010a90      0xa0e ./USB_DEVICE/App/usbd_cdc_if.o
 .debug_line    0x0001149e      0xa86 ./USB_DEVICE/App/usbd_desc.o
 .debug_line    0x00011f24      0xdaa ./USB_DEVICE/Target/usbd_conf.o

.debug_str      0x00000000   0x12facd
 .debug_str     0x00000000   0x129926 ./Core/Src/main.o
                             0x129d63 (size before relaxing)
 .debug_str     0x00129926       0x2e ./Core/Src/stm32h7rsxx_hal_msp.o
                             0x128b14 (size before relaxing)
 .debug_str     0x00129954      0x4f6 ./Core/Src/stm32h7rsxx_it.o
                             0x129031 (size before relaxing)
 .debug_str     0x00129e4a      0x44e ./Core/Src/system_stm32h7rsxx.o
                             0x128f6b (size before relaxing)
 .debug_str     0x0012a298       0x44 ./Core/Startup/startup_stm32h7s3l8hx.o
                                 0xb1 (size before relaxing)
 .debug_str     0x0012a2dc     0x14f6 ./Drivers/STM32H7RSxx_HAL_Driver/stm32h7rsxx_hal.o
                             0x12a45c (size before relaxing)
 .debug_str     0x0012b7d2      0x402 ./Drivers/STM32H7RSxx_HAL_Driver/stm32h7rsxx_hal_cortex.o
                             0x129a5e (size before relaxing)
 .debug_str     0x0012bbd4      0x89c ./Drivers/STM32H7RSxx_HAL_Driver/stm32h7rsxx_hal_pcd.o
                             0x129850 (size before relaxing)
 .debug_str     0x0012c470      0x1e0 ./Drivers/STM32H7RSxx_HAL_Driver/stm32h7rsxx_hal_pcd_ex.o
                             0x1291f8 (size before relaxing)
 .debug_str     0x0012c650      0x8bf ./Drivers/STM32H7RSxx_HAL_Driver/stm32h7rsxx_hal_pwr_ex.o
                             0x12953b (size before relaxing)
 .debug_str     0x0012cf0f      0xa61 ./Drivers/STM32H7RSxx_HAL_Driver/stm32h7rsxx_hal_rcc.o
                             0x129933 (size before relaxing)
 .debug_str     0x0012d970      0x6f8 ./Drivers/STM32H7RSxx_HAL_Driver/stm32h7rsxx_hal_rcc_ex.o
                             0x1296e3 (size before relaxing)
 .debug_str     0x0012e068      0x51b ./Drivers/STM32H7RSxx_HAL_Driver/stm32h7rsxx_ll_usb.o
                             0x12974a (size before relaxing)
 .debug_str     0x0012e583      0xaaa ./Middlewares/ST/STM32_USB_Device_Library/usbd_cdc.o
                             0x12ac94 (size before relaxing)
 .debug_str     0x0012f02d      0x3b4 ./Middlewares/ST/STM32_USB_Device_Library/usbd_core.o
                             0x12a5a2 (size before relaxing)
 .debug_str     0x0012f3e1      0x197 ./Middlewares/ST/STM32_USB_Device_Library/usbd_ctlreq.o
                             0x12a3cd (size before relaxing)
 .debug_str     0x0012f578       0xaf ./Middlewares/ST/STM32_USB_Device_Library/usbd_ioreq.o
                             0x12a2a2 (size before relaxing)
 .debug_str     0x0012f627      0x103 ./USB_DEVICE/App/usb_device.o
                             0x12a5f5 (size before relaxing)
 .debug_str     0x0012f72a       0x9a ./USB_DEVICE/App/usbd_cdc_if.o
                             0x12a637 (size before relaxing)
 .debug_str     0x0012f7c4      0x296 ./USB_DEVICE/App/usbd_desc.o
                             0x12a16a (size before relaxing)
 .debug_str     0x0012fa5a       0x73 ./USB_DEVICE/Target/usbd_conf.o
                             0x12bcaf (size before relaxing)

.comment        0x00000000       0x43
 .comment       0x00000000       0x43 ./Core/Src/main.o
                                 0x44 (size before relaxing)
 .comment       0x00000043       0x44 ./Core/Src/stm32h7rsxx_hal_msp.o
 .comment       0x00000043       0x44 ./Core/Src/stm32h7rsxx_it.o
 .comment       0x00000043       0x44 ./Core/Src/system_stm32h7rsxx.o
 .comment       0x00000043       0x44 ./Drivers/STM32H7RSxx_HAL_Driver/stm32h7rsxx_hal.o
 .comment       0x00000043       0x44 ./Drivers/STM32H7RSxx_HAL_Driver/stm32h7rsxx_hal_cortex.o
 .comment       0x00000043       0x44 ./Drivers/STM32H7RSxx_HAL_Driver/stm32h7rsxx_hal_pcd.o
 .comment       0x00000043       0x44 ./Drivers/STM32H7RSxx_HAL_Driver/stm32h7rsxx_hal_pcd_ex.o
 .comment       0x00000043       0x44 ./Drivers/STM32H7RSxx_HAL_Driver/stm32h7rsxx_hal_pwr_ex.o
 .comment       0x00000043       0x44 ./Drivers/STM32H7RSxx_HAL_Driver/stm32h7rsxx_hal_rcc.o
 .comment       0x00000043       0x44 ./Drivers/STM32H7RSxx_HAL_Driver/stm32h7rsxx_hal_rcc_ex.o
 .comment       0x00000043       0x44 ./Drivers/STM32H7RSxx_HAL_Driver/stm32h7rsxx_ll_usb.o
 .comment       0x00000043       0x44 ./Middlewares/ST/STM32_USB_Device_Library/usbd_cdc.o
 .comment       0x00000043       0x44 ./Middlewares/ST/STM32_USB_Device_Library/usbd_core.o
 .comment       0x00000043       0x44 ./Middlewares/ST/STM32_USB_Device_Library/usbd_ctlreq.o
 .comment       0x00000043       0x44 ./Middlewares/ST/STM32_USB_Device_Library/usbd_ioreq.o
 .comment       0x00000043       0x44 ./USB_DEVICE/App/usb_device.o
 .comment       0x00000043       0x44 ./USB_DEVICE/App/usbd_cdc_if.o
 .comment       0x00000043       0x44 ./USB_DEVICE/App/usbd_desc.o
 .comment       0x00000043       0x44 ./USB_DEVICE/Target/usbd_conf.o

.debug_frame    0x00000000     0x3f64
 .debug_frame   0x00000000       0x44 ./Core/Src/main.o
 .debug_frame   0x00000044       0x30 ./Core/Src/stm32h7rsxx_hal_msp.o
 .debug_frame   0x00000074      0x120 ./Core/Src/stm32h7rsxx_it.o
 .debug_frame   0x00000194       0x58 ./Core/Src/system_stm32h7rsxx.o
 .debug_frame   0x000001ec      0x9a0 ./Drivers/STM32H7RSxx_HAL_Driver/stm32h7rsxx_hal.o
 .debug_frame   0x00000b8c      0x508 ./Drivers/STM32H7RSxx_HAL_Driver/stm32h7rsxx_hal_cortex.o
 .debug_frame   0x00001094      0x590 ./Drivers/STM32H7RSxx_HAL_Driver/stm32h7rsxx_hal_pcd.o
 .debug_frame   0x00001624      0x174 ./Drivers/STM32H7RSxx_HAL_Driver/stm32h7rsxx_hal_pcd_ex.o
 .debug_frame   0x00001798      0x758 ./Drivers/STM32H7RSxx_HAL_Driver/stm32h7rsxx_hal_pwr_ex.o
 .debug_frame   0x00001ef0      0x510 ./Drivers/STM32H7RSxx_HAL_Driver/stm32h7rsxx_hal_rcc.o
 .debug_frame   0x00002400      0x32c ./Drivers/STM32H7RSxx_HAL_Driver/stm32h7rsxx_hal_rcc_ex.o
 .debug_frame   0x0000272c      0x7c0 ./Drivers/STM32H7RSxx_HAL_Driver/stm32h7rsxx_ll_usb.o
 .debug_frame   0x00002eec      0x23c ./Middlewares/ST/STM32_USB_Device_Library/usbd_cdc.o
 .debug_frame   0x00003128      0x390 ./Middlewares/ST/STM32_USB_Device_Library/usbd_core.o
 .debug_frame   0x000034b8      0x23c ./Middlewares/ST/STM32_USB_Device_Library/usbd_ctlreq.o
 .debug_frame   0x000036f4      0x10c ./Middlewares/ST/STM32_USB_Device_Library/usbd_ioreq.o
 .debug_frame   0x00003800       0x2c ./USB_DEVICE/App/usb_device.o
 .debug_frame   0x0000382c       0xe4 ./USB_DEVICE/App/usbd_cdc_if.o
 .debug_frame   0x00003910      0x188 ./USB_DEVICE/App/usbd_desc.o
 .debug_frame   0x00003a98      0x480 ./USB_DEVICE/Target/usbd_conf.o
 .debug_frame   0x00003f18       0x20 /opt/st/stm32cubeide_1.15.0/plugins/com.st.stm32cube.ide.mcu.externaltools.gnu-tools-for-stm32.12.3.rel1.linux64_1.0.100.202403111256/tools/bin/../lib/gcc/arm-none-eabi/12.3.1/../../../../arm-none-eabi/lib/thumb/v7e-m+dp/hard/libc_nano.a(libc_a-memset.o)
 .debug_frame   0x00003f38       0x2c /opt/st/stm32cubeide_1.15.0/plugins/com.st.stm32cube.ide.mcu.externaltools.gnu-tools-for-stm32.12.3.rel1.linux64_1.0.100.202403111256/tools/bin/../lib/gcc/arm-none-eabi/12.3.1/../../../../arm-none-eabi/lib/thumb/v7e-m+dp/hard/libc_nano.a(libc_a-init.o)

.debug_line_str
                0x00000000       0x95
 .debug_line_str
                0x00000000       0x95 ./Core/Startup/startup_stm32h7s3l8hx.o
